2672504671 1 is thinking
2672504672 1 is eating
2672504672 3 is thinking
2672504672 3 is eating
2672504673 2 is thinking
2672504673 5 is thinking
2672504673 5 is eating
2672504674 4 is thinking
2672504674 7 is thinking
2672504674 7 is eating
2672504674 6 is thinking
2672504675 9 is thinking
2672504675 9 is eating
2672504675 8 is thinking
2672504676 11 is thinking
2672504676 11 is eating
2672504676 10 is thinking
2672504677 13 is thinking
2672504677 13 is eating
2672504677 12 is thinking
2672504677 15 is thinking
2672504677 15 is eating
2672504678 14 is thinking
2672504678 17 is thinking
2672504678 17 is eating
2672504678 16 is thinking
2672504679 19 is thinking
2672504679 19 is eating
2672504679 18 is thinking
2672504680 20 is thinking
2672504680 21 is thinking
2672504681 23 is thinking
2672504681 23 is eating
2672504681 22 is thinking
2672504682 25 is thinking
2672504682 25 is eating
2672504682 24 is thinking
2672504683 27 is thinking
2672504683 27 is eating
2672504683 26 is thinking
2672504683 29 is thinking
2672504683 29 is eating
2672504684 28 is thinking
2672504684 31 is thinking
2672504684 31 is eating
2672504684 30 is thinking
2672504685 33 is thinking
2672504685 33 is eating
2672504685 32 is thinking
2672504686 35 is thinking
2672504686 35 is eating
2672504686 34 is thinking
2672504687 37 is thinking
2672504687 37 is eating
2672504687 36 is thinking
2672504687 39 is thinking
2672504687 39 is eating
2672504688 38 is thinking
2672504688 41 is thinking
2672504688 41 is eating
2672504688 40 is thinking
2672504689 43 is thinking
2672504689 43 is eating
2672504689 42 is thinking
2672504690 45 is thinking
2672504690 45 is eating
2672504690 44 is thinking
2672504690 47 is thinking
2672504691 47 is eating
2672504691 46 is thinking
2672504691 49 is thinking
2672504691 49 is eating
2672504692 48 is thinking
2672504692 51 is thinking
2672504692 51 is eating
2672504692 50 is thinking
2672504693 53 is thinking
2672504693 53 is eating
2672504693 52 is thinking
2672504694 55 is thinking
2672504694 55 is eating
2672504694 54 is thinking
2672504695 57 is thinking
2672504695 57 is eating
2672504695 56 is thinking
2672504695 59 is thinking
2672504695 59 is eating
2672504696 58 is thinking
2672504696 61 is thinking
2672504696 61 is eating
2672504696 60 is thinking
2672504697 63 is thinking
2672504697 63 is eating
2672504697 62 is thinking
2672504698 65 is thinking
2672504698 65 is eating
2672504698 64 is thinking
2672504699 67 is thinking
2672504699 67 is eating
2672504699 66 is thinking
2672504699 69 is thinking
2672504699 69 is eating
2672504700 68 is thinking
2672504700 71 is thinking
2672504700 71 is eating
2672504701 70 is thinking
2672504701 73 is thinking
2672504701 73 is eating
2672504701 72 is thinking
2672504702 75 is thinking
2672504702 75 is eating
2672504702 74 is thinking
2672504703 77 is thinking
2672504703 77 is eating
2672504703 76 is thinking
2672504703 79 is thinking
2672504703 79 is eating
2672504704 78 is thinking
2672504704 81 is thinking
2672504704 81 is eating
2672504705 80 is thinking
2672504705 83 is thinking
2672504705 83 is eating
2672504705 82 is thinking
2672504706 85 is thinking
2672504706 85 is eating
2672504706 84 is thinking
2672504707 87 is thinking
2672504707 87 is eating
2672504707 86 is thinking
2672504707 89 is thinking
2672504707 89 is eating
2672504708 88 is thinking
2672504708 91 is thinking
2672504708 91 is eating
2672504708 90 is thinking
2672504709 93 is thinking
2672504709 93 is eating
2672504709 92 is thinking
2672504710 95 is thinking
2672504710 95 is eating
2672504710 94 is thinking
2672504711 97 is thinking
2672504711 97 is eating
2672504711 96 is thinking
2672504712 99 is thinking
2672504712 99 is eating
2672504712 98 is thinking
2672504712 101 is thinking
2672504712 101 is eating
2672504713 100 is thinking
2672504713 103 is thinking
2672504713 103 is eating
2672504713 102 is thinking
2672504714 105 is thinking
2672504714 105 is eating
2672504714 104 is thinking
2672504715 107 is thinking
2672504715 107 is eating
2672504715 106 is thinking
2672504716 109 is thinking
2672504716 109 is eating
2672504716 108 is thinking
2672504716 111 is thinking
2672504716 111 is eating
2672504717 110 is thinking
2672504717 113 is thinking
2672504717 113 is eating
2672504717 112 is thinking
2672504718 115 is thinking
2672504718 115 is eating
2672504718 114 is thinking
2672504719 117 is thinking
2672504719 117 is eating
2672504719 116 is thinking
2672504720 119 is thinking
2672504720 119 is eating
2672504720 118 is thinking
2672504720 121 is thinking
2672504720 121 is eating
2672504721 120 is thinking
2672504721 123 is thinking
2672504721 123 is eating
2672504721 122 is thinking
2672504722 125 is thinking
2672504722 125 is eating
2672504722 124 is thinking
2672504723 127 is thinking
2672504723 127 is eating
2672504723 126 is thinking
2672504723 129 is thinking
2672504723 129 is eating
2672504724 128 is thinking
2672504724 131 is thinking
2672504724 131 is eating
2672504724 130 is thinking
2672504725 133 is thinking
2672504725 133 is eating
2672504725 132 is thinking
2672504726 135 is thinking
2672504726 135 is eating
2672504726 134 is thinking
2672504727 137 is thinking
2672504727 137 is eating
2672504727 136 is thinking
2672504727 139 is thinking
2672504727 139 is eating
2672504728 138 is thinking
2672504728 141 is thinking
2672504728 141 is eating
2672504729 140 is thinking
2672504729 143 is thinking
2672504729 143 is eating
2672504729 142 is thinking
2672504730 145 is thinking
2672504730 145 is eating
2672504730 144 is thinking
2672504731 147 is thinking
2672504731 147 is eating
2672504731 146 is thinking
2672504731 149 is thinking
2672504731 149 is eating
2672504732 148 is thinking
2672504732 151 is thinking
2672504732 151 is eating
2672504733 150 is thinking
2672504733 153 is thinking
2672504733 153 is eating
2672504733 152 is thinking
2672504734 155 is thinking
2672504734 155 is eating
2672504734 154 is thinking
2672504735 157 is thinking
2672504735 157 is eating
2672504735 156 is thinking
2672504736 159 is thinking
2672504736 159 is eating
2672504736 158 is thinking
2672504737 161 is thinking
2672504737 161 is eating
2672504737 160 is thinking
2672504738 163 is thinking
2672504738 163 is eating
2672504738 162 is thinking
2672504738 165 is thinking
2672504738 165 is eating
2672504739 164 is thinking
2672504739 167 is thinking
2672504739 167 is eating
2672504739 166 is thinking
2672504740 169 is thinking
2672504740 169 is eating
2672504740 168 is thinking
2672504741 171 is thinking
2672504741 171 is eating
2672504741 170 is thinking
2672504742 173 is thinking
2672504742 173 is eating
2672504742 172 is thinking
2672504742 175 is thinking
2672504742 175 is eating
2672504743 174 is thinking
2672504743 177 is thinking
2672504743 177 is eating
2672504743 176 is thinking
2672504744 179 is thinking
2672504744 179 is eating
2672504744 178 is thinking
2672504745 181 is thinking
2672504745 181 is eating
2672504745 180 is thinking
2672504746 183 is thinking
2672504746 183 is eating
2672504746 182 is thinking
2672504748 185 is thinking
2672504748 185 is eating
2672504748 184 is thinking
2672504748 187 is thinking
2672504748 187 is eating
2672504749 186 is thinking
2672504749 189 is thinking
2672504749 189 is eating
2672504750 188 is thinking
2672504750 191 is thinking
2672504750 191 is eating
2672504750 190 is thinking
2672504751 193 is thinking
2672504751 193 is eating
2672504752 192 is thinking
2672504752 195 is thinking
2672504752 195 is eating
2672504752 194 is thinking
2672504753 197 is thinking
2672504753 197 is eating
2672504753 196 is thinking
2672504754 199 is thinking
2672504754 199 is eating
2672504754 198 is thinking
2672504755 201 is thinking
2672504755 201 is eating
2672504755 200 is thinking
2672504756 203 is thinking
2672504756 203 is eating
2672504756 202 is thinking
2672504757 204 is thinking
2672504757 205 is thinking
2672504758 207 is thinking
2672504758 207 is eating
2672504758 206 is thinking
2672504759 209 is thinking
2672504759 209 is eating
2672504759 208 is thinking
2672504760 211 is thinking
2672504760 211 is eating
2672504760 210 is thinking
2672504761 213 is thinking
2672504761 213 is eating
2672504761 212 is thinking
2672504761 215 is thinking
2672504761 215 is eating
2672504762 214 is thinking
2672504762 217 is thinking
2672504762 217 is eating
2672504762 216 is thinking
2672504763 219 is thinking
2672504763 219 is eating
2672504763 218 is thinking
2672504764 221 is thinking
2672504764 221 is eating
2672504764 220 is thinking
2672504765 223 is thinking
2672504765 223 is eating
2672504765 222 is thinking
2672504765 225 is thinking
2672504765 225 is eating
2672504766 224 is thinking
2672504766 227 is thinking
2672504766 227 is eating
2672504766 226 is thinking
2672504767 229 is thinking
2672504767 229 is eating
2672504767 228 is thinking
2672504768 231 is thinking
2672504768 231 is eating
2672504768 230 is thinking
2672504769 233 is thinking
2672504769 233 is eating
2672504769 232 is thinking
2672504769 235 is thinking
2672504769 235 is eating
2672504770 234 is thinking
2672504770 237 is thinking
2672504770 237 is eating
2672504771 236 is thinking
2672504771 239 is thinking
2672504771 239 is eating
2672504771 238 is thinking
2672504772 241 is thinking
2672504772 241 is eating
2672504772 240 is thinking
2672504773 243 is thinking
2672504773 243 is eating
2672504773 242 is thinking
2672504773 245 is thinking
2672504773 245 is eating
2672504774 244 is thinking
2672504774 247 is thinking
2672504774 247 is eating
2672504774 246 is thinking
2672504775 249 is thinking
2672504775 249 is eating
2672504775 248 is thinking
2672504776 251 is thinking
2672504776 251 is eating
2672504776 250 is thinking
2672504776 253 is thinking
2672504776 253 is eating
2672504777 252 is thinking
2672504777 255 is thinking
2672504777 255 is eating
2672504777 254 is thinking
2672504778 257 is thinking
2672504778 257 is eating
2672504778 256 is thinking
2672504779 259 is thinking
2672504779 259 is eating
2672504779 258 is thinking
2672504779 261 is thinking
2672504779 261 is eating
2672504780 260 is thinking
2672504780 263 is thinking
2672504780 263 is eating
2672504780 262 is thinking
2672504781 265 is thinking
2672504781 265 is eating
2672504781 264 is thinking
2672504781 267 is thinking
2672504781 267 is eating
2672504782 266 is thinking
2672504782 269 is thinking
2672504782 269 is eating
2672504782 268 is thinking
2672504783 271 is thinking
2672504783 271 is eating
2672504783 270 is thinking
2672504783 273 is thinking
2672504783 273 is eating
2672504784 272 is thinking
2672504784 275 is thinking
2672504784 275 is eating
2672504784 274 is thinking
2672504785 277 is thinking
2672504785 277 is eating
2672504785 276 is thinking
2672504785 279 is thinking
2672504785 279 is eating
2672504786 278 is thinking
2672504786 281 is thinking
2672504786 281 is eating
2672504786 280 is thinking
2672504787 283 is thinking
2672504787 283 is eating
2672504787 282 is thinking
2672504787 285 is thinking
2672504787 285 is eating
2672504788 284 is thinking
2672504788 287 is thinking
2672504788 287 is eating
2672504788 286 is thinking
2672504789 289 is thinking
2672504789 289 is eating
2672504789 288 is thinking
2672504789 291 is thinking
2672504789 291 is eating
2672504790 290 is thinking
2672504790 293 is thinking
2672504790 293 is eating
2672504790 292 is thinking
2672504791 295 is thinking
2672504791 295 is eating
2672504791 294 is thinking
2672504791 297 is thinking
2672504791 297 is eating
2672504792 296 is thinking
2672504792 299 is thinking
2672504792 299 is eating
2672504792 298 is thinking
2672504793 301 is thinking
2672504793 301 is eating
2672504793 300 is thinking
2672504793 303 is thinking
2672504793 303 is eating
2672504793 302 is thinking
2672504794 305 is thinking
2672504794 305 is eating
2672504794 304 is thinking
2672504794 307 is thinking
2672504794 307 is eating
2672504795 306 is thinking
2672504795 309 is thinking
2672504795 309 is eating
2672504795 308 is thinking
2672504796 311 is thinking
2672504796 311 is eating
2672504796 310 is thinking
2672504796 313 is thinking
2672504796 313 is eating
2672504797 312 is thinking
2672504797 315 is thinking
2672504797 315 is eating
2672504797 314 is thinking
2672504798 317 is thinking
2672504798 317 is eating
2672504798 316 is thinking
2672504798 319 is thinking
2672504798 319 is eating
2672504799 318 is thinking
2672504799 321 is thinking
2672504799 321 is eating
2672504799 320 is thinking
2672504800 323 is thinking
2672504800 323 is eating
2672504800 322 is thinking
2672504800 325 is thinking
2672504800 325 is eating
2672504800 324 is thinking
2672504801 327 is thinking
2672504801 327 is eating
2672504801 326 is thinking
2672504801 329 is thinking
2672504801 329 is eating
2672504802 328 is thinking
2672504802 331 is thinking
2672504802 331 is eating
2672504802 330 is thinking
2672504803 333 is thinking
2672504803 333 is eating
2672504803 332 is thinking
2672504803 335 is thinking
2672504803 335 is eating
2672504803 334 is thinking
2672504804 337 is thinking
2672504804 337 is eating
2672504804 336 is thinking
2672504804 339 is thinking
2672504804 339 is eating
2672504805 338 is thinking
2672504805 341 is thinking
2672504805 341 is eating
2672504805 340 is thinking
2672504806 343 is thinking
2672504806 343 is eating
2672504806 342 is thinking
2672504806 345 is thinking
2672504806 345 is eating
2672504806 344 is thinking
2672504807 347 is thinking
2672504807 347 is eating
2672504807 346 is thinking
2672504807 349 is thinking
2672504807 349 is eating
2672504808 348 is thinking
2672504808 351 is thinking
2672504808 351 is eating
2672504808 350 is thinking
2672504809 353 is thinking
2672504809 353 is eating
2672504809 352 is thinking
2672504809 355 is thinking
2672504809 355 is eating
2672504809 354 is thinking
2672504810 357 is thinking
2672504810 357 is eating
2672504810 356 is thinking
2672504810 359 is thinking
2672504810 359 is eating
2672504811 358 is thinking
2672504811 361 is thinking
2672504811 361 is eating
2672504811 360 is thinking
2672504812 363 is thinking
2672504812 363 is eating
2672504812 362 is thinking
2672504812 365 is thinking
2672504812 365 is eating
2672504813 364 is thinking
2672504813 367 is thinking
2672504813 367 is eating
2672504813 366 is thinking
2672504813 369 is thinking
2672504813 369 is eating
2672504814 368 is thinking
2672504814 371 is thinking
2672504814 371 is eating
2672504814 370 is thinking
2672504815 373 is thinking
2672504815 373 is eating
2672504815 372 is thinking
2672504815 375 is thinking
2672504815 375 is eating
2672504815 374 is thinking
2672504816 377 is thinking
2672504816 377 is eating
2672504816 376 is thinking
2672504816 379 is thinking
2672504816 379 is eating
2672504817 378 is thinking
2672504817 381 is thinking
2672504817 381 is eating
2672504817 380 is thinking
2672504818 383 is thinking
2672504818 383 is eating
2672504818 382 is thinking
2672504818 385 is thinking
2672504818 385 is eating
2672504818 384 is thinking
2672504819 387 is thinking
2672504819 387 is eating
2672504819 386 is thinking
2672504819 389 is thinking
2672504819 389 is eating
2672504820 388 is thinking
2672504820 391 is thinking
2672504820 391 is eating
2672504820 390 is thinking
2672504821 393 is thinking
2672504821 393 is eating
2672504821 392 is thinking
2672504821 395 is thinking
2672504821 395 is eating
2672504821 394 is thinking
2672504822 397 is thinking
2672504822 397 is eating
2672504822 396 is thinking
2672504822 399 is thinking
2672504822 399 is eating
2672504823 398 is thinking
2672504823 401 is thinking
2672504823 401 is eating
2672504823 400 is thinking
2672504823 403 is thinking
2672504823 403 is eating
2672504824 402 is thinking
2672504824 405 is thinking
2672504824 405 is eating
2672504824 404 is thinking
2672504825 407 is thinking
2672504825 407 is eating
2672504825 406 is thinking
2672504825 409 is thinking
2672504825 409 is eating
2672504826 408 is thinking
2672504826 411 is thinking
2672504826 411 is eating
2672504826 410 is thinking
2672504826 413 is thinking
2672504826 413 is eating
2672504827 412 is thinking
2672504827 415 is thinking
2672504827 415 is eating
2672504827 414 is thinking
2672504828 417 is thinking
2672504828 417 is eating
2672504828 416 is thinking
2672504828 419 is thinking
2672504828 419 is eating
2672504828 418 is thinking
2672504829 421 is thinking
2672504829 421 is eating
2672504829 420 is thinking
2672504829 423 is thinking
2672504829 423 is eating
2672504830 425 is thinking
2672504830 425 is eating
2672504830 422 is thinking
2672504830 424 is thinking
2672504831 427 is thinking
2672504831 427 is eating
2672504831 426 is thinking
2672504831 429 is thinking
2672504831 429 is eating
2672504831 428 is thinking
2672504832 431 is thinking
2672504832 431 is eating
2672504832 430 is thinking
2672504833 433 is thinking
2672504833 433 is eating
2672504833 432 is thinking
2672504833 435 is thinking
2672504833 435 is eating
2672504833 434 is thinking
2672504834 437 is thinking
2672504834 437 is eating
2672504834 436 is thinking
2672504834 439 is thinking
2672504834 439 is eating
2672504835 438 is thinking
2672504835 441 is thinking
2672504835 441 is eating
2672504835 440 is thinking
2672504836 443 is thinking
2672504836 443 is eating
2672504836 442 is thinking
2672504836 445 is thinking
2672504836 445 is eating
2672504837 444 is thinking
2672504837 447 is thinking
2672504837 447 is eating
2672504837 446 is thinking
2672504838 449 is thinking
2672504838 449 is eating
2672504838 448 is thinking
2672504839 451 is thinking
2672504839 451 is eating
2672504839 450 is thinking
2672504839 453 is thinking
2672504839 453 is eating
2672504839 452 is thinking
2672504840 455 is thinking
2672504840 455 is eating
2672504840 454 is thinking
2672504841 457 is thinking
2672504841 457 is eating
2672504841 456 is thinking
2672504841 459 is thinking
2672504841 459 is eating
2672504842 458 is thinking
2672504842 461 is thinking
2672504842 461 is eating
2672504842 460 is thinking
2672504843 463 is thinking
2672504843 463 is eating
2672504843 462 is thinking
2672504843 465 is thinking
2672504843 465 is eating
2672504844 464 is thinking
2672504844 467 is thinking
2672504844 467 is eating
2672504844 466 is thinking
2672504845 469 is thinking
2672504845 469 is eating
2672504845 468 is thinking
2672504845 471 is thinking
2672504845 471 is eating
2672504845 470 is thinking
2672504846 473 is thinking
2672504846 473 is eating
2672504846 472 is thinking
2672504846 475 is thinking
2672504846 475 is eating
2672504847 474 is thinking
2672504847 477 is thinking
2672504847 477 is eating
2672504847 476 is thinking
2672504848 479 is thinking
2672504848 479 is eating
2672504848 478 is thinking
2672504848 481 is thinking
2672504848 481 is eating
2672504848 480 is thinking
2672504849 483 is thinking
2672504849 483 is eating
2672504849 482 is thinking
2672504849 485 is thinking
2672504849 485 is eating
2672504850 484 is thinking
2672504850 487 is thinking
2672504850 487 is eating
2672504850 486 is thinking
2672504851 489 is thinking
2672504851 489 is eating
2672504851 488 is thinking
2672504851 491 is thinking
2672504851 491 is eating
2672504851 490 is thinking
2672504852 493 is thinking
2672504852 493 is eating
2672504852 492 is thinking
2672504852 495 is thinking
2672504852 495 is eating
2672504853 494 is thinking
2672504853 496 is thinking
2672504856 497 is thinking
2672504857 499 is thinking
2672504857 499 is eating
2672504859 500 is thinking
2672504859 498 is thinking
2672504872 1 is sleeping
2672504872 3 is sleeping
2672504873 2 is eating
2672504873 5 is sleeping
2672504873 4 is eating
2672504874 7 is sleeping
2672504874 6 is eating
2672504875 9 is sleeping
2672504875 8 is eating
2672504876 11 is sleeping
2672504876 10 is eating
2672504877 13 is sleeping
2672504877 12 is eating
2672504877 15 is sleeping
2672504877 14 is eating
2672504878 17 is sleeping
2672504878 16 is eating
2672504880 19 is sleeping
2672504880 18 is eating
2672504880 20 is eating
2672504882 25 is sleeping
2672504883 27 is sleeping
2672504883 26 is eating
2672504883 29 is sleeping
2672504883 28 is eating
2672504884 23 is sleeping
2672504884 24 is eating
2672504884 22 is eating
2672504884 31 is sleeping
2672504884 30 is eating
2672504885 33 is sleeping
2672504885 32 is eating
2672504886 35 is sleeping
2672504886 34 is eating
2672504887 37 is sleeping
2672504887 36 is eating
2672504887 39 is sleeping
2672504887 38 is eating
2672504888 41 is sleeping
2672504888 40 is eating
2672504889 43 is sleeping
2672504889 42 is eating
2672504890 45 is sleeping
2672504890 44 is eating
2672504891 47 is sleeping
2672504891 46 is eating
2672504891 49 is sleeping
2672504892 48 is eating
2672504892 51 is sleeping
2672504892 50 is eating
2672504893 53 is sleeping
2672504893 52 is eating
2672504894 55 is sleeping
2672504894 54 is eating
2672504895 57 is sleeping
2672504895 56 is eating
2672504896 59 is sleeping
2672504896 58 is eating
2672504896 61 is sleeping
2672504896 60 is eating
2672504897 63 is sleeping
2672504897 62 is eating
2672504898 65 is sleeping
2672504898 64 is eating
2672504899 67 is sleeping
2672504899 66 is eating
2672504900 69 is sleeping
2672504900 68 is eating
2672504900 71 is sleeping
2672504900 70 is eating
2672504901 73 is sleeping
2672504901 72 is eating
2672504902 75 is sleeping
2672504902 74 is eating
2672504903 77 is sleeping
2672504903 76 is eating
2672504904 79 is sleeping
2672504904 78 is eating
2672504904 81 is sleeping
2672504905 80 is eating
2672504905 83 is sleeping
2672504905 82 is eating
2672504906 85 is sleeping
2672504906 84 is eating
2672504907 87 is sleeping
2672504907 86 is eating
2672504908 89 is sleeping
2672504908 88 is eating
2672504908 91 is sleeping
2672504908 90 is eating
2672504909 93 is sleeping
2672504909 92 is eating
2672504910 95 is sleeping
2672504910 94 is eating
2672504911 97 is sleeping
2672504911 96 is eating
2672504912 99 is sleeping
2672504912 98 is eating
2672504913 101 is sleeping
2672504913 100 is eating
2672504913 103 is sleeping
2672504913 102 is eating
2672504914 105 is sleeping
2672504914 104 is eating
2672504915 107 is sleeping
2672504915 106 is eating
2672504916 109 is sleeping
2672504916 108 is eating
2672504917 111 is sleeping
2672504917 110 is eating
2672504917 113 is sleeping
2672504917 112 is eating
2672504918 115 is sleeping
2672504918 114 is eating
2672504919 117 is sleeping
2672504919 116 is eating
2672504920 119 is sleeping
2672504920 118 is eating
2672504921 121 is sleeping
2672504921 120 is eating
2672504921 123 is sleeping
2672504921 122 is eating
2672504922 125 is sleeping
2672504922 124 is eating
2672504923 127 is sleeping
2672504923 126 is eating
2672504924 129 is sleeping
2672504924 128 is eating
2672504924 131 is sleeping
2672504924 130 is eating
2672504925 133 is sleeping
2672504925 132 is eating
2672504926 135 is sleeping
2672504926 134 is eating
2672504927 137 is sleeping
2672504927 136 is eating
2672504928 139 is sleeping
2672504928 138 is eating
2672504928 141 is sleeping
2672504928 140 is eating
2672504929 143 is sleeping
2672504929 142 is eating
2672504930 145 is sleeping
2672504930 144 is eating
2672504931 147 is sleeping
2672504931 146 is eating
2672504932 149 is sleeping
2672504932 148 is eating
2672504932 151 is sleeping
2672504932 150 is eating
2672504933 153 is sleeping
2672504933 152 is eating
2672504934 155 is sleeping
2672504934 154 is eating
2672504935 157 is sleeping
2672504935 156 is eating
2672504936 159 is sleeping
2672504936 158 is eating
2672504937 161 is sleeping
2672504937 160 is eating
2672504938 163 is sleeping
2672504938 162 is eating
2672504938 165 is sleeping
2672504939 164 is eating
2672504939 167 is sleeping
2672504939 166 is eating
2672504940 169 is sleeping
2672504940 168 is eating
2672504941 171 is sleeping
2672504941 170 is eating
2672504942 173 is sleeping
2672504942 172 is eating
2672504943 175 is sleeping
2672504943 174 is eating
2672504943 177 is sleeping
2672504943 176 is eating
2672504944 179 is sleeping
2672504944 178 is eating
2672504945 181 is sleeping
2672504945 180 is eating
2672504946 183 is sleeping
2672504946 182 is eating
2672504948 185 is sleeping
2672504948 184 is eating
2672504949 187 is sleeping
2672504949 186 is eating
2672504949 189 is sleeping
2672504949 188 is eating
2672504950 191 is sleeping
2672504950 190 is eating
2672504952 193 is sleeping
2672504952 192 is eating
2672504952 195 is sleeping
2672504952 194 is eating
2672504953 197 is sleeping
2672504953 196 is eating
2672504954 199 is sleeping
2672504954 198 is eating
2672504955 201 is sleeping
2672504955 200 is eating
2672504956 203 is sleeping
2672504956 204 is eating
2672504956 202 is eating
2672504958 207 is sleeping
2672504958 206 is eating
2672504959 209 is sleeping
2672504959 208 is eating
2672504960 211 is sleeping
2672504960 210 is eating
2672504961 213 is sleeping
2672504961 212 is eating
2672504962 215 is sleeping
2672504962 214 is eating
2672504962 217 is sleeping
2672504962 216 is eating
2672504963 219 is sleeping
2672504963 218 is eating
2672504964 221 is sleeping
2672504964 220 is eating
2672504965 223 is sleeping
2672504965 222 is eating
2672504966 225 is sleeping
2672504966 224 is eating
2672504966 227 is sleeping
2672504966 226 is eating
2672504967 229 is sleeping
2672504967 228 is eating
2672504968 231 is sleeping
2672504968 230 is eating
2672504969 233 is sleeping
2672504969 232 is eating
2672504970 235 is sleeping
2672504970 234 is eating
2672504970 237 is sleeping
2672504970 236 is eating
2672504971 239 is sleeping
2672504971 238 is eating
2672504972 241 is sleeping
2672504972 240 is eating
2672504973 243 is sleeping
2672504973 242 is eating
2672504974 245 is sleeping
2672504974 244 is eating
2672504974 247 is sleeping
2672504974 246 is eating
2672504975 249 is sleeping
2672504975 248 is eating
2672504976 251 is sleeping
2672504976 250 is eating
2672504977 253 is sleeping
2672504977 252 is eating
2672504977 255 is sleeping
2672504977 254 is eating
2672504978 257 is sleeping
2672504978 256 is eating
2672504979 259 is sleeping
2672504979 258 is eating
2672504980 261 is sleeping
2672504980 260 is eating
2672504980 263 is sleeping
2672504980 262 is eating
2672504981 265 is sleeping
2672504981 264 is eating
2672504982 267 is sleeping
2672504982 266 is eating
2672504982 269 is sleeping
2672504982 268 is eating
2672504983 271 is sleeping
2672504983 270 is eating
2672504984 273 is sleeping
2672504984 272 is eating
2672504984 275 is sleeping
2672504984 274 is eating
2672504985 277 is sleeping
2672504985 276 is eating
2672504986 279 is sleeping
2672504986 278 is eating
2672504986 281 is sleeping
2672504986 280 is eating
2672504987 283 is sleeping
2672504987 282 is eating
2672504988 285 is sleeping
2672504988 284 is eating
2672504988 287 is sleeping
2672504988 286 is eating
2672504989 289 is sleeping
2672504989 288 is eating
2672504989 291 is sleeping
2672504989 290 is eating
2672504990 293 is sleeping
2672504990 292 is eating
2672504991 295 is sleeping
2672504991 294 is eating
2672504991 297 is sleeping
2672504991 296 is eating
2672504992 299 is sleeping
2672504992 298 is eating
2672504993 301 is sleeping
2672504993 300 is eating
2672504993 303 is sleeping
2672504993 302 is eating
2672504994 305 is sleeping
2672504994 304 is eating
2672504995 307 is sleeping
2672504995 306 is eating
2672504995 309 is sleeping
2672504995 308 is eating
2672504996 311 is sleeping
2672504996 310 is eating
2672504996 313 is sleeping
2672504996 312 is eating
2672504997 315 is sleeping
2672504997 314 is eating
2672504998 317 is sleeping
2672504998 316 is eating
2672504998 319 is sleeping
2672504998 318 is eating
2672504999 321 is sleeping
2672504999 320 is eating
2672505000 323 is sleeping
2672505000 322 is eating
2672505000 325 is sleeping
2672505000 324 is eating
2672505001 327 is sleeping
2672505001 326 is eating
2672505001 329 is sleeping
2672505002 328 is eating
2672505002 331 is sleeping
2672505002 330 is eating
2672505003 333 is sleeping
2672505003 332 is eating
2672505003 335 is sleeping
2672505003 334 is eating
2672505004 337 is sleeping
2672505004 336 is eating
2672505004 339 is sleeping
2672505004 338 is eating
2672505005 341 is sleeping
2672505005 340 is eating
2672505006 343 is sleeping
2672505006 342 is eating
2672505006 345 is sleeping
2672505006 344 is eating
2672505007 347 is sleeping
2672505007 346 is eating
2672505007 349 is sleeping
2672505008 348 is eating
2672505008 351 is sleeping
2672505008 350 is eating
2672505009 353 is sleeping
2672505009 352 is eating
2672505009 355 is sleeping
2672505009 354 is eating
2672505010 357 is sleeping
2672505010 356 is eating
2672505010 359 is sleeping
2672505011 358 is eating
2672505011 361 is sleeping
2672505011 360 is eating
2672505012 363 is sleeping
2672505012 362 is eating
2672505012 365 is sleeping
2672505012 364 is eating
2672505013 367 is sleeping
2672505013 366 is eating
2672505014 369 is sleeping
2672505014 368 is eating
2672505014 371 is sleeping
2672505014 370 is eating
2672505015 373 is sleeping
2672505015 372 is eating
2672505015 375 is sleeping
2672505015 374 is eating
2672505016 377 is sleeping
2672505016 376 is eating
2672505017 381 is sleeping
2672505018 383 is sleeping
2672505018 379 is sleeping
2672505018 380 is eating
2672505018 378 is eating
2672505018 382 is eating
2672505019 385 is sleeping
2672505019 384 is eating
2672505019 387 is sleeping
2672505019 386 is eating
2672505019 389 is sleeping
2672505019 388 is eating
2672505020 391 is sleeping
2672505020 390 is eating
2672505021 393 is sleeping
2672505021 392 is eating
2672505021 395 is sleeping
2672505021 394 is eating
2672505022 397 is sleeping
2672505022 396 is eating
2672505022 399 is sleeping
2672505022 398 is eating
2672505023 401 is sleeping
2672505023 400 is eating
2672505024 403 is sleeping
2672505024 402 is eating
2672505024 405 is sleeping
2672505024 404 is eating
2672505025 407 is sleeping
2672505025 406 is eating
2672505025 409 is sleeping
2672505025 408 is eating
2672505026 411 is sleeping
2672505026 410 is eating
2672505026 413 is sleeping
2672505027 412 is eating
2672505027 415 is sleeping
2672505027 414 is eating
2672505028 417 is sleeping
2672505028 416 is eating
2672505028 419 is sleeping
2672505028 418 is eating
2672505029 421 is sleeping
2672505029 420 is eating
2672505029 423 is sleeping
2672505029 422 is eating
2672505030 425 is sleeping
2672505030 424 is eating
2672505031 427 is sleeping
2672505031 426 is eating
2672505031 429 is sleeping
2672505031 428 is eating
2672505032 431 is sleeping
2672505032 430 is eating
2672505033 433 is sleeping
2672505033 432 is eating
2672505033 435 is sleeping
2672505033 434 is eating
2672505034 437 is sleeping
2672505034 436 is eating
2672505034 439 is sleeping
2672505035 438 is eating
2672505035 441 is sleeping
2672505035 440 is eating
2672505036 443 is sleeping
2672505036 442 is eating
2672505037 445 is sleeping
2672505037 444 is eating
2672505037 447 is sleeping
2672505037 446 is eating
2672505038 449 is sleeping
2672505038 448 is eating
2672505039 451 is sleeping
2672505039 450 is eating
2672505039 453 is sleeping
2672505039 452 is eating
2672505040 455 is sleeping
2672505040 454 is eating
2672505041 457 is sleeping
2672505041 456 is eating
2672505042 459 is sleeping
2672505042 458 is eating
2672505042 461 is sleeping
2672505042 460 is eating
2672505043 463 is sleeping
2672505043 462 is eating
2672505043 465 is sleeping
2672505043 464 is eating
2672505044 467 is sleeping
2672505044 466 is eating
2672505045 469 is sleeping
2672505045 468 is eating
2672505045 471 is sleeping
2672505045 470 is eating
2672505046 473 is sleeping
2672505046 472 is eating
2672505046 475 is sleeping
2672505046 474 is eating
2672505047 477 is sleeping
2672505047 476 is eating
2672505048 479 is sleeping
2672505048 478 is eating
2672505048 481 is sleeping
2672505048 480 is eating
2672505049 483 is sleeping
2672505049 482 is eating
2672505050 485 is sleeping
2672505050 484 is eating
2672505050 487 is sleeping
2672505050 486 is eating
2672505051 489 is sleeping
2672505051 488 is eating
2672505051 491 is sleeping
2672505051 490 is eating
2672505052 493 is sleeping
2672505052 492 is eating
2672505052 495 is sleeping
2672505052 494 is eating
2672505052 496 is eating
2672505057 499 is sleeping
2672505057 498 is eating
2672505057 500 is eating
2672505072 1 is thinking
2672505073 3 is thinking
2672505073 2 is sleeping
2672505074 5 is thinking
2672505074 4 is sleeping
2672505074 3 is eating
2672505074 7 is thinking
2672505074 6 is sleeping
2672505074 5 is eating
2672505075 9 is thinking
2672505075 8 is sleeping
2672505075 7 is eating
2672505076 11 is thinking
2672505076 10 is sleeping
2672505076 9 is eating
2672505077 13 is thinking
2672505077 12 is sleeping
2672505077 11 is eating
2672505078 15 is thinking
2672505078 14 is sleeping
2672505078 13 is eating
2672505078 17 is thinking
2672505078 16 is sleeping
2672505078 15 is eating
2672505080 19 is thinking
2672505080 20 is sleeping
2672505080 18 is sleeping
2672505080 17 is eating
2672505080 19 is eating
2672505082 25 is thinking
2672505083 26 is sleeping
2672505083 27 is thinking
2672505084 29 is thinking
2672505084 28 is sleeping
2672505084 27 is eating
2672505084 23 is thinking
2672505084 22 is sleeping
2672505084 21 is eating
2672505084 24 is sleeping
2672505084 23 is eating
2672505084 25 is eating
2672505084 31 is thinking
2672505084 30 is sleeping
2672505084 29 is eating
2672505085 33 is thinking
2672505085 32 is sleeping
2672505085 31 is eating
2672505086 35 is thinking
2672505086 34 is sleeping
2672505086 33 is eating
2672505087 37 is thinking
2672505087 36 is sleeping
2672505087 35 is eating
2672505088 39 is thinking
2672505088 38 is sleeping
2672505088 37 is eating
2672505088 41 is thinking
2672505088 40 is sleeping
2672505088 39 is eating
2672505089 43 is thinking
2672505089 42 is sleeping
2672505089 41 is eating
2672505090 45 is thinking
2672505090 44 is sleeping
2672505090 43 is eating
2672505091 47 is thinking
2672505091 46 is sleeping
2672505091 45 is eating
2672505092 49 is thinking
2672505092 48 is sleeping
2672505092 47 is eating
2672505092 51 is thinking
2672505092 50 is sleeping
2672505092 49 is eating
2672505093 53 is thinking
2672505093 52 is sleeping
2672505093 51 is eating
2672505094 55 is thinking
2672505094 54 is sleeping
2672505094 53 is eating
2672505095 57 is thinking
2672505095 56 is sleeping
2672505095 55 is eating
2672505096 59 is thinking
2672505096 58 is sleeping
2672505096 57 is eating
2672505096 61 is thinking
2672505096 60 is sleeping
2672505096 59 is eating
2672505097 63 is thinking
2672505097 62 is sleeping
2672505097 61 is eating
2672505098 65 is thinking
2672505098 64 is sleeping
2672505098 63 is eating
2672505099 67 is thinking
2672505099 66 is sleeping
2672505099 65 is eating
2672505100 69 is thinking
2672505100 68 is sleeping
2672505100 67 is eating
2672505101 71 is thinking
2672505101 70 is sleeping
2672505101 69 is eating
2672505101 73 is thinking
2672505101 72 is sleeping
2672505101 71 is eating
2672505102 75 is thinking
2672505102 74 is sleeping
2672505102 73 is eating
2672505103 77 is thinking
2672505103 76 is sleeping
2672505103 75 is eating
2672505104 79 is thinking
2672505104 78 is sleeping
2672505104 77 is eating
2672505105 81 is thinking
2672505105 80 is sleeping
2672505105 79 is eating
2672505105 83 is thinking
2672505105 82 is sleeping
2672505105 81 is eating
2672505106 85 is thinking
2672505106 84 is sleeping
2672505106 83 is eating
2672505107 87 is thinking
2672505107 86 is sleeping
2672505107 85 is eating
2672505108 89 is thinking
2672505108 88 is sleeping
2672505108 87 is eating
2672505109 91 is thinking
2672505109 92 is sleeping
2672505109 93 is thinking
2672505110 90 is sleeping
2672505110 89 is eating
2672505110 91 is eating
2672505111 97 is thinking
2672505112 98 is sleeping
2672505112 96 is sleeping
2672505112 94 is sleeping
2672505112 99 is thinking
2672505112 95 is thinking
2672505112 95 is eating
2672505112 97 is eating
2672505112 93 is eating
2672505113 99 is eating
2672505113 100 is sleeping
2672505113 103 is thinking
2672505114 101 is thinking
2672505114 102 is sleeping
2672505114 101 is eating
2672505114 105 is thinking
2672505114 104 is sleeping
2672505114 103 is eating
2672505115 106 is sleeping
2672505115 107 is thinking
2672505115 105 is eating
2672505116 109 is thinking
2672505116 108 is sleeping
2672505116 107 is eating
2672505117 111 is thinking
2672505117 110 is sleeping
2672505117 109 is eating
2672505117 113 is thinking
2672505117 112 is sleeping
2672505117 111 is eating
2672505118 115 is thinking
2672505118 114 is sleeping
2672505118 113 is eating
2672505119 117 is thinking
2672505119 116 is sleeping
2672505119 115 is eating
2672505120 119 is thinking
2672505120 118 is sleeping
2672505120 117 is eating
2672505121 121 is thinking
2672505121 120 is sleeping
2672505121 119 is eating
2672505121 123 is thinking
2672505121 122 is sleeping
2672505121 121 is eating
2672505122 125 is thinking
2672505122 124 is sleeping
2672505122 123 is eating
2672505123 127 is thinking
2672505123 126 is sleeping
2672505123 125 is eating
2672505124 129 is thinking
2672505124 128 is sleeping
2672505124 127 is eating
2672505125 131 is thinking
2672505125 130 is sleeping
2672505125 129 is eating
2672505125 133 is thinking
2672505125 132 is sleeping
2672505125 131 is eating
2672505126 135 is thinking
2672505126 134 is sleeping
2672505126 133 is eating
2672505127 136 is sleeping
2672505127 135 is eating
2672505127 137 is thinking
2672505128 139 is thinking
2672505128 138 is sleeping
2672505128 137 is eating
2672505128 141 is thinking
2672505129 140 is sleeping
2672505129 139 is eating
2672505129 143 is thinking
2672505129 142 is sleeping
2672505129 141 is eating
2672505130 145 is thinking
2672505130 144 is sleeping
2672505130 143 is eating
2672505131 147 is thinking
2672505131 146 is sleeping
2672505131 145 is eating
2672505132 149 is thinking
2672505132 148 is sleeping
2672505132 147 is eating
2672505133 151 is thinking
2672505133 150 is sleeping
2672505133 149 is eating
2672505133 153 is thinking
2672505133 152 is sleeping
2672505133 151 is eating
2672505134 155 is thinking
2672505134 154 is sleeping
2672505134 153 is eating
2672505135 157 is thinking
2672505135 156 is sleeping
2672505135 155 is eating
2672505136 159 is thinking
2672505136 158 is sleeping
2672505136 157 is eating
2672505137 161 is thinking
2672505137 160 is sleeping
2672505137 159 is eating
2672505138 163 is thinking
2672505138 162 is sleeping
2672505138 161 is eating
2672505139 165 is thinking
2672505139 164 is sleeping
2672505139 163 is eating
2672505139 167 is thinking
2672505140 166 is sleeping
2672505140 165 is eating
2672505140 169 is thinking
2672505140 168 is sleeping
2672505140 167 is eating
2672505141 171 is thinking
2672505141 170 is sleeping
2672505141 169 is eating
2672505142 172 is sleeping
2672505142 173 is thinking
2672505142 171 is eating
2672505143 175 is thinking
2672505143 174 is sleeping
2672505143 173 is eating
2672505143 177 is thinking
2672505143 176 is sleeping
2672505143 175 is eating
2672505144 179 is thinking
2672505144 178 is sleeping
2672505144 177 is eating
2672505145 181 is thinking
2672505145 180 is sleeping
2672505145 179 is eating
2672505146 183 is thinking
2672505146 182 is sleeping
2672505146 181 is eating
2672505148 185 is thinking
2672505148 184 is sleeping
2672505148 183 is eating
2672505149 187 is thinking
2672505149 186 is sleeping
2672505149 185 is eating
2672505150 189 is thinking
2672505150 188 is sleeping
2672505150 187 is eating
2672505150 191 is thinking
2672505150 190 is sleeping
2672505150 189 is eating
2672505152 193 is thinking
2672505152 192 is sleeping
2672505152 191 is eating
2672505153 195 is thinking
2672505153 194 is sleeping
2672505153 193 is eating
2672505153 197 is thinking
2672505153 196 is sleeping
2672505153 195 is eating
2672505154 199 is thinking
2672505154 198 is sleeping
2672505154 197 is eating
2672505155 201 is thinking
2672505155 200 is sleeping
2672505155 199 is eating
2672505156 203 is thinking
2672505156 202 is sleeping
2672505156 201 is eating
2672505156 204 is sleeping
2672505156 203 is eating
2672505158 207 is thinking
2672505158 206 is sleeping
2672505158 205 is eating
2672505159 209 is thinking
2672505159 208 is sleeping
2672505159 207 is eating
2672505160 211 is thinking
2672505160 210 is sleeping
2672505160 209 is eating
2672505161 213 is thinking
2672505161 212 is sleeping
2672505161 211 is eating
2672505162 215 is thinking
2672505162 214 is sleeping
2672505162 213 is eating
2672505162 217 is thinking
2672505163 216 is sleeping
2672505163 215 is eating
2672505163 219 is thinking
2672505163 218 is sleeping
2672505163 217 is eating
2672505164 221 is thinking
2672505164 220 is sleeping
2672505164 219 is eating
2672505165 223 is thinking
2672505165 222 is sleeping
2672505165 221 is eating
2672505166 225 is thinking
2672505166 224 is sleeping
2672505166 223 is eating
2672505166 227 is thinking
2672505166 226 is sleeping
2672505167 225 is eating
2672505167 229 is thinking
2672505167 228 is sleeping
2672505167 227 is eating
2672505168 231 is thinking
2672505168 230 is sleeping
2672505168 229 is eating
2672505169 233 is thinking
2672505169 232 is sleeping
2672505169 231 is eating
2672505170 235 is thinking
2672505170 234 is sleeping
2672505170 233 is eating
2672505171 237 is thinking
2672505171 236 is sleeping
2672505171 235 is eating
2672505171 239 is thinking
2672505171 238 is sleeping
2672505171 237 is eating
2672505172 241 is thinking
2672505172 240 is sleeping
2672505172 239 is eating
2672505173 243 is thinking
2672505173 242 is sleeping
2672505173 241 is eating
2672505174 245 is thinking
2672505174 244 is sleeping
2672505174 243 is eating
2672505175 247 is thinking
2672505175 246 is sleeping
2672505175 245 is eating
2672505175 249 is thinking
2672505175 248 is sleeping
2672505175 247 is eating
2672505176 251 is thinking
2672505176 250 is sleeping
2672505176 249 is eating
2672505177 253 is thinking
2672505177 252 is sleeping
2672505177 251 is eating
2672505177 255 is thinking
2672505178 254 is sleeping
2672505178 253 is eating
2672505178 257 is thinking
2672505178 256 is sleeping
2672505178 255 is eating
2672505179 259 is thinking
2672505179 258 is sleeping
2672505179 257 is eating
2672505180 261 is thinking
2672505180 260 is sleeping
2672505180 259 is eating
2672505180 263 is thinking
2672505180 262 is sleeping
2672505180 261 is eating
2672505181 265 is thinking
2672505181 264 is sleeping
2672505181 263 is eating
2672505182 267 is thinking
2672505182 266 is sleeping
2672505182 265 is eating
2672505182 268 is sleeping
2672505182 269 is thinking
2672505182 267 is eating
2672505183 271 is thinking
2672505183 270 is sleeping
2672505183 269 is eating
2672505184 273 is thinking
2672505184 272 is sleeping
2672505184 271 is eating
2672505184 275 is thinking
2672505184 274 is sleeping
2672505184 273 is eating
2672505185 277 is thinking
2672505185 276 is sleeping
2672505185 275 is eating
2672505186 279 is thinking
2672505186 278 is sleeping
2672505186 277 is eating
2672505186 281 is thinking
2672505186 280 is sleeping
2672505187 279 is eating
2672505187 283 is thinking
2672505187 282 is sleeping
2672505187 281 is eating
2672505188 285 is thinking
2672505188 284 is sleeping
2672505188 283 is eating
2672505188 287 is thinking
2672505188 286 is sleeping
2672505188 285 is eating
2672505189 289 is thinking
2672505189 288 is sleeping
2672505189 287 is eating
2672505190 291 is thinking
2672505190 290 is sleeping
2672505190 289 is eating
2672505190 293 is thinking
2672505190 292 is sleeping
2672505190 291 is eating
2672505191 295 is thinking
2672505191 294 is sleeping
2672505191 293 is eating
2672505191 297 is thinking
2672505192 296 is sleeping
2672505192 295 is eating
2672505192 299 is thinking
2672505192 298 is sleeping
2672505192 297 is eating
2672505193 301 is thinking
2672505193 300 is sleeping
2672505193 299 is eating
2672505193 303 is thinking
2672505193 302 is sleeping
2672505194 301 is eating
2672505194 305 is thinking
2672505194 304 is sleeping
2672505194 303 is eating
2672505195 307 is thinking
2672505195 306 is sleeping
2672505195 305 is eating
2672505195 309 is thinking
2672505195 308 is sleeping
2672505196 307 is eating
2672505196 311 is thinking
2672505196 310 is sleeping
2672505196 309 is eating
2672505197 313 is thinking
2672505197 312 is sleeping
2672505197 311 is eating
2672505197 315 is thinking
2672505197 314 is sleeping
2672505197 313 is eating
2672505198 317 is thinking
2672505198 316 is sleeping
2672505198 315 is eating
2672505198 319 is thinking
2672505199 318 is sleeping
2672505199 317 is eating
2672505199 321 is thinking
2672505199 320 is sleeping
2672505199 319 is eating
2672505200 323 is thinking
2672505200 322 is sleeping
2672505200 321 is eating
2672505200 325 is thinking
2672505200 324 is sleeping
2672505200 323 is eating
2672505201 327 is thinking
2672505201 326 is sleeping
2672505201 325 is eating
2672505202 329 is thinking
2672505202 328 is sleeping
2672505202 327 is eating
2672505202 331 is thinking
2672505202 330 is sleeping
2672505202 329 is eating
2672505203 333 is thinking
2672505203 332 is sleeping
2672505203 331 is eating
2672505203 335 is thinking
2672505203 334 is sleeping
2672505203 333 is eating
2672505204 337 is thinking
2672505204 336 is sleeping
2672505204 335 is eating
2672505205 339 is thinking
2672505205 338 is sleeping
2672505205 337 is eating
2672505205 341 is thinking
2672505205 340 is sleeping
2672505205 339 is eating
2672505206 343 is thinking
2672505206 342 is sleeping
2672505206 341 is eating
2672505206 345 is thinking
2672505206 344 is sleeping
2672505207 343 is eating
2672505207 347 is thinking
2672505207 346 is sleeping
2672505207 345 is eating
2672505208 348 is sleeping
2672505208 349 is thinking
2672505208 347 is eating
2672505208 351 is thinking
2672505208 350 is sleeping
2672505208 349 is eating
2672505209 352 is sleeping
2672505209 353 is thinking
2672505209 351 is eating
2672505209 355 is thinking
2672505209 354 is sleeping
2672505209 353 is eating
2672505210 357 is thinking
2672505210 356 is sleeping
2672505210 355 is eating
2672505211 359 is thinking
2672505211 358 is sleeping
2672505211 357 is eating
2672505211 361 is thinking
2672505211 360 is sleeping
2672505211 359 is eating
2672505212 363 is thinking
2672505212 362 is sleeping
2672505212 361 is eating
2672505212 365 is thinking
2672505212 364 is sleeping
2672505213 363 is eating
2672505213 367 is thinking
2672505213 366 is sleeping
2672505213 365 is eating
2672505214 369 is thinking
2672505214 368 is sleeping
2672505214 367 is eating
2672505214 371 is thinking
2672505214 370 is sleeping
2672505214 369 is eating
2672505215 373 is thinking
2672505215 372 is sleeping
2672505215 371 is eating
2672505215 375 is thinking
2672505216 374 is sleeping
2672505216 373 is eating
2672505216 377 is thinking
2672505216 376 is sleeping
2672505216 375 is eating
2672505217 381 is thinking
2672505218 383 is thinking
2672505218 379 is thinking
2672505218 382 is sleeping
2672505218 380 is sleeping
2672505218 378 is sleeping
2672505218 379 is eating
2672505218 381 is eating
2672505218 377 is eating
2672505219 385 is thinking
2672505219 384 is sleeping
2672505219 383 is eating
2672505219 387 is thinking
2672505219 386 is sleeping
2672505219 385 is eating
2672505220 389 is thinking
2672505220 388 is sleeping
2672505220 387 is eating
2672505220 391 is thinking
2672505220 390 is sleeping
2672505220 389 is eating
2672505221 393 is thinking
2672505221 392 is sleeping
2672505221 391 is eating
2672505221 395 is thinking
2672505221 394 is sleeping
2672505221 393 is eating
2672505222 397 is thinking
2672505222 396 is sleeping
2672505222 395 is eating
2672505223 399 is thinking
2672505223 398 is sleeping
2672505223 397 is eating
2672505223 401 is thinking
2672505223 400 is sleeping
2672505223 399 is eating
2672505224 403 is thinking
2672505224 402 is sleeping
2672505224 401 is eating
2672505224 405 is thinking
2672505224 404 is sleeping
2672505224 403 is eating
2672505225 407 is thinking
2672505225 406 is sleeping
2672505225 405 is eating
2672505225 409 is thinking
2672505225 408 is sleeping
2672505225 407 is eating
2672505226 411 is thinking
2672505226 410 is sleeping
2672505226 409 is eating
2672505227 413 is thinking
2672505227 412 is sleeping
2672505227 411 is eating
2672505227 415 is thinking
2672505227 414 is sleeping
2672505227 413 is eating
2672505228 416 is sleeping
2672505228 417 is thinking
2672505228 415 is eating
2672505228 419 is thinking
2672505228 418 is sleeping
2672505228 417 is eating
2672505229 421 is thinking
2672505229 420 is sleeping
2672505229 419 is eating
2672505230 423 is thinking
2672505230 422 is sleeping
2672505230 421 is eating
2672505230 425 is thinking
2672505230 424 is sleeping
2672505230 423 is eating
2672505231 427 is thinking
2672505231 426 is sleeping
2672505231 425 is eating
2672505231 429 is thinking
2672505231 428 is sleeping
2672505232 427 is eating
2672505232 431 is thinking
2672505232 430 is sleeping
2672505232 429 is eating
2672505233 433 is thinking
2672505233 432 is sleeping
2672505233 431 is eating
2672505233 435 is thinking
2672505233 434 is sleeping
2672505233 433 is eating
2672505234 437 is thinking
2672505234 436 is sleeping
2672505234 435 is eating
2672505235 439 is thinking
2672505235 438 is sleeping
2672505235 437 is eating
2672505235 441 is thinking
2672505235 440 is sleeping
2672505235 439 is eating
2672505236 443 is thinking
2672505236 442 is sleeping
2672505236 441 is eating
2672505237 445 is thinking
2672505237 444 is sleeping
2672505237 443 is eating
2672505237 447 is thinking
2672505237 446 is sleeping
2672505237 445 is eating
2672505238 449 is thinking
2672505238 448 is sleeping
2672505238 447 is eating
2672505239 451 is thinking
2672505239 450 is sleeping
2672505239 449 is eating
2672505240 453 is thinking
2672505240 452 is sleeping
2672505240 451 is eating
2672505240 455 is thinking
2672505240 454 is sleeping
2672505240 453 is eating
2672505241 457 is thinking
2672505241 456 is sleeping
2672505241 455 is eating
2672505242 458 is sleeping
2672505242 459 is thinking
2672505242 457 is eating
2672505242 461 is thinking
2672505242 460 is sleeping
2672505242 459 is eating
2672505243 463 is thinking
2672505243 462 is sleeping
2672505243 461 is eating
2672505244 465 is thinking
2672505244 464 is sleeping
2672505244 463 is eating
2672505244 467 is thinking
2672505244 466 is sleeping
2672505244 465 is eating
2672505245 469 is thinking
2672505245 468 is sleeping
2672505245 467 is eating
2672505245 471 is thinking
2672505245 470 is sleeping
2672505245 469 is eating
2672505246 473 is thinking
2672505246 472 is sleeping
2672505246 471 is eating
2672505247 475 is thinking
2672505247 474 is sleeping
2672505247 473 is eating
2672505247 477 is thinking
2672505247 476 is sleeping
2672505247 475 is eating
2672505248 479 is thinking
2672505248 478 is sleeping
2672505248 477 is eating
2672505248 481 is thinking
2672505249 480 is sleeping
2672505249 479 is eating
2672505249 482 is sleeping
2672505249 483 is thinking
2672505249 481 is eating
2672505250 485 is thinking
2672505250 484 is sleeping
2672505250 483 is eating
2672505250 487 is thinking
2672505250 486 is sleeping
2672505250 485 is eating
2672505251 489 is thinking
2672505251 488 is sleeping
2672505251 487 is eating
2672505251 491 is thinking
2672505251 490 is sleeping
2672505251 489 is eating
2672505252 493 is thinking
2672505252 492 is sleeping
2672505252 491 is eating
2672505253 495 is thinking
2672505253 496 is sleeping
2672505253 494 is sleeping
2672505253 493 is eating
2672505253 495 is eating
2672505257 499 is thinking
2672505257 498 is sleeping
2672505257 500 is sleeping
2672505257 1 is eating
2672505257 497 is eating
2672505257 499 is eating
2672505273 2 is thinking
2672505274 4 is thinking
2672505274 3 is sleeping
2672505275 6 is thinking
2672505275 5 is sleeping
2672505275 4 is eating
2672505275 8 is thinking
2672505275 7 is sleeping
2672505275 6 is eating
2672505276 10 is thinking
2672505276 9 is sleeping
2672505276 8 is eating
2672505277 12 is thinking
2672505277 11 is sleeping
2672505277 10 is eating
2672505278 14 is thinking
2672505278 13 is sleeping
2672505278 12 is eating
2672505279 15 is sleeping
2672505279 16 is thinking
2672505279 14 is eating
2672505280 20 is thinking
2672505280 17 is sleeping
2672505280 18 is thinking
2672505280 16 is eating
2672505280 19 is sleeping
2672505280 18 is eating
2672505283 26 is thinking
2672505284 28 is thinking
2672505284 27 is sleeping
2672505284 22 is thinking
2672505284 25 is sleeping
2672505284 26 is eating
2672505284 24 is thinking
2672505284 21 is sleeping
2672505284 20 is eating
2672505284 23 is sleeping
2672505284 24 is eating
2672505284 22 is eating
2672505285 30 is thinking
2672505285 29 is sleeping
2672505285 28 is eating
2672505285 32 is thinking
2672505285 31 is sleeping
2672505285 30 is eating
2672505286 34 is thinking
2672505286 33 is sleeping
2672505286 32 is eating
2672505287 36 is thinking
2672505287 35 is sleeping
2672505287 34 is eating
2672505288 37 is sleeping
2672505288 38 is thinking
2672505288 36 is eating
2672505288 40 is thinking
2672505288 39 is sleeping
2672505289 38 is eating
2672505289 42 is thinking
2672505289 41 is sleeping
2672505289 40 is eating
2672505290 44 is thinking
2672505290 43 is sleeping
2672505290 42 is eating
2672505291 46 is thinking
2672505291 45 is sleeping
2672505291 44 is eating
2672505292 48 is thinking
2672505292 47 is sleeping
2672505292 46 is eating
2672505292 49 is sleeping
2672505292 50 is thinking
2672505293 48 is eating
2672505293 52 is thinking
2672505293 51 is sleeping
2672505294 50 is eating
2672505294 54 is thinking
2672505294 53 is sleeping
2672505294 52 is eating
2672505295 56 is thinking
2672505295 55 is sleeping
2672505295 54 is eating
2672505296 58 is thinking
2672505296 57 is sleeping
2672505296 56 is eating
2672505297 60 is thinking
2672505297 59 is sleeping
2672505297 58 is eating
2672505297 62 is thinking
2672505298 61 is sleeping
2672505298 60 is eating
2672505298 64 is thinking
2672505298 63 is sleeping
2672505298 62 is eating
2672505299 66 is thinking
2672505299 65 is sleeping
2672505299 64 is eating
2672505300 68 is thinking
2672505300 67 is sleeping
2672505300 66 is eating
2672505301 70 is thinking
2672505301 69 is sleeping
2672505301 68 is eating
2672505302 72 is thinking
2672505302 71 is sleeping
2672505302 70 is eating
2672505302 74 is thinking
2672505302 73 is sleeping
2672505302 72 is eating
2672505303 76 is thinking
2672505303 75 is sleeping
2672505303 74 is eating
2672505304 78 is thinking
2672505304 77 is sleeping
2672505304 76 is eating
2672505305 80 is thinking
2672505305 79 is sleeping
2672505305 78 is eating
2672505305 82 is thinking
2672505305 81 is sleeping
2672505305 80 is eating
2672505306 84 is thinking
2672505306 83 is sleeping
2672505306 82 is eating
2672505307 86 is thinking
2672505307 85 is sleeping
2672505307 84 is eating
2672505308 88 is thinking
2672505308 87 is sleeping
2672505308 86 is eating
2672505310 92 is thinking
2672505310 90 is thinking
2672505310 91 is sleeping
2672505310 89 is sleeping
2672505310 90 is eating
2672505310 88 is eating
2672505312 98 is thinking
2672505312 94 is thinking
2672505312 96 is thinking
2672505312 95 is sleeping
2672505313 97 is sleeping
2672505313 93 is sleeping
2672505313 96 is eating
2672505313 92 is eating
2672505313 94 is eating
2672505313 99 is sleeping
2672505313 100 is thinking
2672505313 98 is eating
2672505314 102 is thinking
2672505314 101 is sleeping
2672505314 100 is eating
2672505314 104 is thinking
2672505314 103 is sleeping
2672505314 102 is eating
2672505315 106 is thinking
2672505315 105 is sleeping
2672505315 104 is eating
2672505316 108 is thinking
2672505316 107 is sleeping
2672505316 106 is eating
2672505317 110 is thinking
2672505317 109 is sleeping
2672505317 108 is eating
2672505318 111 is sleeping
2672505318 112 is thinking
2672505318 110 is eating
2672505318 114 is thinking
2672505318 113 is sleeping
2672505318 112 is eating
2672505319 116 is thinking
2672505319 115 is sleeping
2672505319 114 is eating
2672505320 118 is thinking
2672505320 117 is sleeping
2672505320 116 is eating
2672505321 120 is thinking
2672505321 119 is sleeping
2672505321 118 is eating
2672505321 122 is thinking
2672505321 121 is sleeping
2672505322 120 is eating
2672505322 124 is thinking
2672505322 123 is sleeping
2672505322 122 is eating
2672505323 126 is thinking
2672505323 125 is sleeping
2672505323 124 is eating
2672505324 128 is thinking
2672505324 127 is sleeping
2672505324 126 is eating
2672505325 130 is thinking
2672505325 129 is sleeping
2672505325 128 is eating
2672505325 132 is thinking
2672505325 131 is sleeping
2672505326 130 is eating
2672505326 134 is thinking
2672505326 133 is sleeping
2672505326 132 is eating
2672505327 136 is thinking
2672505327 135 is sleeping
2672505327 134 is eating
2672505328 138 is thinking
2672505328 137 is sleeping
2672505328 136 is eating
2672505329 140 is thinking
2672505329 139 is sleeping
2672505329 138 is eating
2672505329 142 is thinking
2672505329 141 is sleeping
2672505330 140 is eating
2672505330 144 is thinking
2672505330 143 is sleeping
2672505330 142 is eating
2672505331 146 is thinking
2672505331 145 is sleeping
2672505331 144 is eating
2672505332 148 is thinking
2672505332 147 is sleeping
2672505332 146 is eating
2672505333 150 is thinking
2672505333 149 is sleeping
2672505333 148 is eating
2672505334 152 is thinking
2672505334 151 is sleeping
2672505334 150 is eating
2672505334 154 is thinking
2672505334 153 is sleeping
2672505334 152 is eating
2672505335 156 is thinking
2672505335 155 is sleeping
2672505335 154 is eating
2672505336 158 is thinking
2672505336 157 is sleeping
2672505336 156 is eating
2672505337 160 is thinking
2672505337 159 is sleeping
2672505337 158 is eating
2672505338 162 is thinking
2672505338 161 is sleeping
2672505338 160 is eating
2672505339 164 is thinking
2672505339 163 is sleeping
2672505339 162 is eating
2672505340 166 is thinking
2672505340 165 is sleeping
2672505340 164 is eating
2672505340 168 is thinking
2672505340 167 is sleeping
2672505340 166 is eating
2672505341 170 is thinking
2672505341 169 is sleeping
2672505341 168 is eating
2672505342 172 is thinking
2672505342 171 is sleeping
2672505342 170 is eating
2672505343 174 is thinking
2672505343 173 is sleeping
2672505343 172 is eating
2672505343 175 is sleeping
2672505344 176 is thinking
2672505344 174 is eating
2672505344 177 is sleeping
2672505344 178 is thinking
2672505344 176 is eating
2672505345 180 is thinking
2672505345 179 is sleeping
2672505345 178 is eating
2672505346 182 is thinking
2672505346 181 is sleeping
2672505346 180 is eating
2672505348 183 is sleeping
2672505348 184 is thinking
2672505348 182 is eating
2672505349 186 is thinking
2672505349 185 is sleeping
2672505349 184 is eating
2672505350 188 is thinking
2672505350 187 is sleeping
2672505350 186 is eating
2672505350 190 is thinking
2672505350 189 is sleeping
2672505351 188 is eating
2672505352 192 is thinking
2672505352 191 is sleeping
2672505352 190 is eating
2672505353 194 is thinking
2672505353 193 is sleeping
2672505353 192 is eating
2672505354 196 is thinking
2672505354 195 is sleeping
2672505354 194 is eating
2672505354 198 is thinking
2672505354 197 is sleeping
2672505354 196 is eating
2672505355 200 is thinking
2672505355 199 is sleeping
2672505355 198 is eating
2672505356 202 is thinking
2672505356 203 is sleeping
2672505356 202 is eating
2672505356 201 is sleeping
2672505356 204 is thinking
2672505356 200 is eating
2672505358 206 is thinking
2672505358 205 is sleeping
2672505359 204 is eating
2672505359 208 is thinking
2672505359 207 is sleeping
2672505359 206 is eating
2672505360 210 is thinking
2672505360 209 is sleeping
2672505360 208 is eating
2672505361 212 is thinking
2672505361 211 is sleeping
2672505361 210 is eating
2672505362 214 is thinking
2672505362 213 is sleeping
2672505362 212 is eating
2672505363 216 is thinking
2672505363 215 is sleeping
2672505363 214 is eating
2672505363 218 is thinking
2672505363 217 is sleeping
2672505363 216 is eating
2672505364 220 is thinking
2672505364 219 is sleeping
2672505364 218 is eating
2672505365 222 is thinking
2672505365 221 is sleeping
2672505365 220 is eating
2672505366 224 is thinking
2672505366 223 is sleeping
2672505366 222 is eating
2672505367 226 is thinking
2672505367 225 is sleeping
2672505367 224 is eating
2672505368 228 is thinking
2672505368 227 is sleeping
2672505368 226 is eating
2672505368 230 is thinking
2672505368 229 is sleeping
2672505368 228 is eating
2672505369 232 is thinking
2672505369 231 is sleeping
2672505369 230 is eating
2672505370 234 is thinking
2672505370 233 is sleeping
2672505370 232 is eating
2672505371 236 is thinking
2672505371 235 is sleeping
2672505371 234 is eating
2672505372 238 is thinking
2672505372 237 is sleeping
2672505372 236 is eating
2672505372 240 is thinking
2672505372 239 is sleeping
2672505372 238 is eating
2672505373 242 is thinking
2672505373 241 is sleeping
2672505373 240 is eating
2672505374 244 is thinking
2672505374 243 is sleeping
2672505374 242 is eating
2672505375 246 is thinking
2672505375 245 is sleeping
2672505375 244 is eating
2672505375 248 is thinking
2672505376 247 is sleeping
2672505376 246 is eating
2672505376 250 is thinking
2672505376 249 is sleeping
2672505376 248 is eating
2672505377 252 is thinking
2672505377 251 is sleeping
2672505377 250 is eating
2672505378 254 is thinking
2672505378 253 is sleeping
2672505378 252 is eating
2672505378 256 is thinking
2672505378 255 is sleeping
2672505378 254 is eating
2672505379 258 is thinking
2672505379 257 is sleeping
2672505379 256 is eating
2672505380 260 is thinking
2672505380 259 is sleeping
2672505380 258 is eating
2672505381 262 is thinking
2672505381 261 is sleeping
2672505381 260 is eating
2672505381 264 is thinking
2672505381 263 is sleeping
2672505381 262 is eating
2672505382 266 is thinking
2672505382 265 is sleeping
2672505382 264 is eating
2672505382 268 is thinking
2672505383 267 is sleeping
2672505383 266 is eating
2672505383 270 is thinking
2672505383 269 is sleeping
2672505383 268 is eating
2672505384 272 is thinking
2672505384 271 is sleeping
2672505384 270 is eating
2672505385 274 is thinking
2672505385 273 is sleeping
2672505385 272 is eating
2672505385 276 is thinking
2672505385 275 is sleeping
2672505385 274 is eating
2672505386 278 is thinking
2672505386 277 is sleeping
2672505386 276 is eating
2672505387 280 is thinking
2672505387 279 is sleeping
2672505387 278 is eating
2672505387 282 is thinking
2672505387 281 is sleeping
2672505387 280 is eating
2672505388 284 is thinking
2672505388 283 is sleeping
2672505388 282 is eating
2672505388 286 is thinking
2672505389 285 is sleeping
2672505389 284 is eating
2672505389 288 is thinking
2672505389 287 is sleeping
2672505389 286 is eating
2672505390 290 is thinking
2672505390 289 is sleeping
2672505390 288 is eating
2672505390 292 is thinking
2672505390 291 is sleeping
2672505390 290 is eating
2672505391 294 is thinking
2672505391 293 is sleeping
2672505391 292 is eating
2672505392 296 is thinking
2672505392 295 is sleeping
2672505392 294 is eating
2672505392 298 is thinking
2672505392 297 is sleeping
2672505392 296 is eating
2672505393 300 is thinking
2672505393 299 is sleeping
2672505393 298 is eating
2672505394 302 is thinking
2672505394 301 is sleeping
2672505394 300 is eating
2672505394 304 is thinking
2672505394 303 is sleeping
2672505394 302 is eating
2672505395 306 is thinking
2672505395 305 is sleeping
2672505395 304 is eating
2672505396 308 is thinking
2672505396 307 is sleeping
2672505396 306 is eating
2672505396 310 is thinking
2672505396 309 is sleeping
2672505396 308 is eating
2672505397 312 is thinking
2672505397 311 is sleeping
2672505397 310 is eating
2672505397 314 is thinking
2672505397 313 is sleeping
2672505397 312 is eating
2672505398 315 is sleeping
2672505398 316 is thinking
2672505398 314 is eating
2672505399 318 is thinking
2672505399 317 is sleeping
2672505399 316 is eating
2672505399 320 is thinking
2672505399 319 is sleeping
2672505399 318 is eating
2672505400 322 is thinking
2672505400 321 is sleeping
2672505400 320 is eating
2672505401 324 is thinking
2672505401 323 is sleeping
2672505401 322 is eating
2672505401 326 is thinking
2672505401 325 is sleeping
2672505401 324 is eating
2672505402 328 is thinking
2672505402 327 is sleeping
2672505402 326 is eating
2672505402 330 is thinking
2672505402 329 is sleeping
2672505402 328 is eating
2672505403 332 is thinking
2672505403 331 is sleeping
2672505403 330 is eating
2672505404 334 is thinking
2672505404 333 is sleeping
2672505404 332 is eating
2672505404 336 is thinking
2672505404 335 is sleeping
2672505404 334 is eating
2672505405 338 is thinking
2672505405 337 is sleeping
2672505405 336 is eating
2672505405 340 is thinking
2672505405 339 is sleeping
2672505405 338 is eating
2672505406 342 is thinking
2672505406 341 is sleeping
2672505406 340 is eating
2672505407 344 is thinking
2672505407 343 is sleeping
2672505407 342 is eating
2672505407 346 is thinking
2672505407 345 is sleeping
2672505407 344 is eating
2672505408 348 is thinking
2672505408 347 is sleeping
2672505408 346 is eating
2672505408 350 is thinking
2672505408 349 is sleeping
2672505408 348 is eating
2672505409 352 is thinking
2672505409 351 is sleeping
2672505409 350 is eating
2672505410 354 is thinking
2672505410 353 is sleeping
2672505410 352 is eating
2672505410 356 is thinking
2672505410 355 is sleeping
2672505410 354 is eating
2672505411 358 is thinking
2672505411 357 is sleeping
2672505411 356 is eating
2672505411 360 is thinking
2672505411 359 is sleeping
2672505411 358 is eating
2672505412 362 is thinking
2672505412 361 is sleeping
2672505412 360 is eating
2672505413 364 is thinking
2672505413 363 is sleeping
2672505413 362 is eating
2672505413 366 is thinking
2672505413 365 is sleeping
2672505413 364 is eating
2672505414 368 is thinking
2672505414 367 is sleeping
2672505414 366 is eating
2672505414 370 is thinking
2672505414 369 is sleeping
2672505414 368 is eating
2672505415 372 is thinking
2672505415 371 is sleeping
2672505415 370 is eating
2672505416 374 is thinking
2672505416 373 is sleeping
2672505416 372 is eating
2672505416 376 is thinking
2672505416 375 is sleeping
2672505416 374 is eating
2672505418 382 is thinking
2672505418 380 is thinking
2672505418 378 is thinking
2672505418 379 is sleeping
2672505418 377 is sleeping
2672505418 376 is eating
2672505418 381 is sleeping
2672505418 378 is eating
2672505418 380 is eating
2672505419 384 is thinking
2672505419 383 is sleeping
2672505419 382 is eating
2672505419 386 is thinking
2672505419 385 is sleeping
2672505419 384 is eating
2672505420 388 is thinking
2672505420 387 is sleeping
2672505420 386 is eating
2672505420 390 is thinking
2672505420 389 is sleeping
2672505420 388 is eating
2672505421 392 is thinking
2672505421 391 is sleeping
2672505421 390 is eating
2672505421 394 is thinking
2672505422 393 is sleeping
2672505422 392 is eating
2672505422 396 is thinking
2672505422 395 is sleeping
2672505422 394 is eating
2672505423 398 is thinking
2672505423 397 is sleeping
2672505423 396 is eating
2672505423 400 is thinking
2672505423 399 is sleeping
2672505423 398 is eating
2672505424 402 is thinking
2672505424 401 is sleeping
2672505424 400 is eating
2672505424 404 is thinking
2672505424 403 is sleeping
2672505424 402 is eating
2672505425 406 is thinking
2672505425 405 is sleeping
2672505425 404 is eating
2672505425 408 is thinking
2672505426 407 is sleeping
2672505426 406 is eating
2672505426 410 is thinking
2672505426 409 is sleeping
2672505426 408 is eating
2672505427 412 is thinking
2672505427 411 is sleeping
2672505427 410 is eating
2672505427 414 is thinking
2672505427 413 is sleeping
2672505427 412 is eating
2672505428 416 is thinking
2672505428 415 is sleeping
2672505428 414 is eating
2672505429 418 is thinking
2672505429 417 is sleeping
2672505429 416 is eating
2672505429 420 is thinking
2672505429 419 is sleeping
2672505429 418 is eating
2672505430 422 is thinking
2672505430 421 is sleeping
2672505430 420 is eating
2672505430 424 is thinking
2672505430 423 is sleeping
2672505430 422 is eating
2672505431 426 is thinking
2672505431 425 is sleeping
2672505431 424 is eating
2672505432 428 is thinking
2672505432 427 is sleeping
2672505432 426 is eating
2672505432 430 is thinking
2672505432 429 is sleeping
2672505432 428 is eating
2672505433 432 is thinking
2672505433 431 is sleeping
2672505433 430 is eating
2672505434 434 is thinking
2672505434 433 is sleeping
2672505434 432 is eating
2672505434 436 is thinking
2672505434 435 is sleeping
2672505434 434 is eating
2672505435 438 is thinking
2672505435 437 is sleeping
2672505435 436 is eating
2672505435 440 is thinking
2672505435 439 is sleeping
2672505435 438 is eating
2672505436 442 is thinking
2672505436 441 is sleeping
2672505436 440 is eating
2672505437 444 is thinking
2672505437 443 is sleeping
2672505437 442 is eating
2672505437 446 is thinking
2672505437 445 is sleeping
2672505437 444 is eating
2672505438 448 is thinking
2672505438 447 is sleeping
2672505438 446 is eating
2672505439 450 is thinking
2672505439 449 is sleeping
2672505439 448 is eating
2672505440 452 is thinking
2672505440 451 is sleeping
2672505440 450 is eating
2672505440 454 is thinking
2672505440 453 is sleeping
2672505440 452 is eating
2672505441 456 is thinking
2672505441 455 is sleeping
2672505441 454 is eating
2672505442 458 is thinking
2672505442 457 is sleeping
2672505442 456 is eating
2672505442 460 is thinking
2672505442 459 is sleeping
2672505442 458 is eating
2672505443 462 is thinking
2672505443 461 is sleeping
2672505443 460 is eating
2672505444 464 is thinking
2672505444 463 is sleeping
2672505444 462 is eating
2672505444 466 is thinking
2672505444 465 is sleeping
2672505444 464 is eating
2672505445 468 is thinking
2672505445 467 is sleeping
2672505445 466 is eating
2672505445 470 is thinking
2672505446 469 is sleeping
2672505446 468 is eating
2672505446 472 is thinking
2672505446 471 is sleeping
2672505446 470 is eating
2672505447 474 is thinking
2672505447 473 is sleeping
2672505447 472 is eating
2672505447 476 is thinking
2672505447 475 is sleeping
2672505447 474 is eating
2672505448 478 is thinking
2672505448 477 is sleeping
2672505448 476 is eating
2672505449 480 is thinking
2672505449 479 is sleeping
2672505449 478 is eating
2672505449 482 is thinking
2672505449 481 is sleeping
2672505449 480 is eating
2672505450 484 is thinking
2672505450 483 is sleeping
2672505450 482 is eating
2672505450 486 is thinking
2672505450 485 is sleeping
2672505450 484 is eating
2672505451 488 is thinking
2672505451 487 is sleeping
2672505451 486 is eating
2672505452 490 is thinking
2672505452 489 is sleeping
2672505452 488 is eating
2672505452 492 is thinking
2672505452 491 is sleeping
2672505452 490 is eating
2672505453 496 is thinking
2672505453 495 is sleeping
2672505453 493 is sleeping
2672505453 492 is eating
2672505453 494 is thinking
2672505453 494 is eating
2672505457 500 is thinking
2672505457 498 is thinking
2672505457 1 is sleeping
2672505457 497 is sleeping
2672505457 499 is sleeping
2672505457 500 is eating
2672505457 2 is eating
2672505457 496 is eating
2672505457 498 is eating
2672505474 3 is thinking
2672505475 5 is thinking
2672505475 4 is sleeping
2672505475 7 is thinking
2672505475 6 is sleeping
2672505476 5 is eating
2672505476 9 is thinking
2672505476 8 is sleeping
2672505476 7 is eating
2672505477 11 is thinking
2672505477 10 is sleeping
2672505477 9 is eating
2672505478 13 is thinking
2672505478 12 is sleeping
2672505478 11 is eating
2672505479 15 is thinking
2672505479 14 is sleeping
2672505479 13 is eating
2672505480 17 is thinking
2672505480 16 is sleeping
2672505480 19 is thinking
2672505480 15 is eating
2672505480 18 is sleeping
2672505480 17 is eating
2672505484 25 is thinking
2672505484 23 is thinking
2672505484 27 is thinking
2672505484 24 is sleeping
2672505484 26 is sleeping
2672505484 25 is eating
2672505484 22 is sleeping
2672505484 21 is thinking
2672505484 23 is eating
2672505484 20 is sleeping
2672505484 21 is eating
2672505484 19 is eating
2672505485 29 is thinking
2672505485 28 is sleeping
2672505485 27 is eating
2672505485 31 is thinking
2672505485 30 is sleeping
2672505485 29 is eating
2672505486 33 is thinking
2672505486 32 is sleeping
2672505486 31 is eating
2672505487 35 is thinking
2672505487 34 is sleeping
2672505487 33 is eating
2672505488 37 is thinking
2672505488 36 is sleeping
2672505488 35 is eating
2672505489 39 is thinking
2672505489 38 is sleeping
2672505489 37 is eating
2672505489 41 is thinking
2672505489 40 is sleeping
2672505489 39 is eating
2672505490 43 is thinking
2672505490 42 is sleeping
2672505490 41 is eating
2672505491 45 is thinking
2672505491 44 is sleeping
2672505491 43 is eating
2672505492 47 is thinking
2672505492 46 is sleeping
2672505492 45 is eating
2672505493 49 is thinking
2672505493 48 is sleeping
2672505493 47 is eating
2672505494 51 is thinking
2672505494 50 is sleeping
2672505494 49 is eating
2672505494 53 is thinking
2672505494 52 is sleeping
2672505494 51 is eating
2672505495 55 is thinking
2672505495 54 is sleeping
2672505495 53 is eating
2672505496 57 is thinking
2672505496 56 is sleeping
2672505496 55 is eating
2672505497 59 is thinking
2672505497 58 is sleeping
2672505497 57 is eating
2672505498 61 is thinking
2672505498 60 is sleeping
2672505498 59 is eating
2672505498 63 is thinking
2672505498 62 is sleeping
2672505499 61 is eating
2672505499 65 is thinking
2672505499 64 is sleeping
2672505499 63 is eating
2672505500 67 is thinking
2672505500 66 is sleeping
2672505500 65 is eating
2672505501 69 is thinking
2672505501 68 is sleeping
2672505501 67 is eating
2672505502 71 is thinking
2672505502 70 is sleeping
2672505502 69 is eating
2672505502 73 is thinking
2672505502 72 is sleeping
2672505503 71 is eating
2672505503 75 is thinking
2672505503 74 is sleeping
2672505503 73 is eating
2672505504 77 is thinking
2672505504 76 is sleeping
2672505504 75 is eating
2672505505 78 is sleeping
2672505505 77 is eating
2672505505 79 is thinking
2672505506 81 is thinking
2672505506 80 is sleeping
2672505506 79 is eating
2672505506 83 is thinking
2672505506 82 is sleeping
2672505506 81 is eating
2672505507 85 is thinking
2672505507 84 is sleeping
2672505507 83 is eating
2672505508 87 is thinking
2672505508 86 is sleeping
2672505508 85 is eating
2672505510 91 is thinking
2672505510 89 is thinking
2672505510 90 is sleeping
2672505510 88 is sleeping
2672505510 87 is eating
2672505510 89 is eating
2672505512 95 is thinking
2672505513 97 is thinking
2672505513 93 is thinking
2672505513 92 is sleeping
2672505513 93 is eating
2672505513 94 is sleeping
2672505513 96 is sleeping
2672505513 95 is eating
2672505513 91 is eating
2672505513 99 is thinking
2672505513 98 is sleeping
2672505513 97 is eating
2672505514 101 is thinking
2672505514 100 is sleeping
2672505514 99 is eating
2672505514 103 is thinking
2672505515 102 is sleeping
2672505515 101 is eating
2672505515 105 is thinking
2672505515 104 is sleeping
2672505515 103 is eating
2672505516 107 is thinking
2672505516 106 is sleeping
2672505516 105 is eating
2672505517 109 is thinking
2672505517 108 is sleeping
2672505517 107 is eating
2672505518 111 is thinking
2672505518 110 is sleeping
2672505518 109 is eating
2672505518 113 is thinking
2672505519 112 is sleeping
2672505519 111 is eating
2672505519 115 is thinking
2672505519 114 is sleeping
2672505519 113 is eating
2672505520 117 is thinking
2672505520 116 is sleeping
2672505520 115 is eating
2672505521 119 is thinking
2672505521 118 is sleeping
2672505521 117 is eating
2672505522 121 is thinking
2672505522 120 is sleeping
2672505522 119 is eating
2672505522 123 is thinking
2672505522 122 is sleeping
2672505523 121 is eating
2672505523 125 is thinking
2672505523 124 is sleeping
2672505523 123 is eating
2672505524 127 is thinking
2672505524 126 is sleeping
2672505524 125 is eating
2672505525 129 is thinking
2672505525 128 is sleeping
2672505525 127 is eating
2672505526 131 is thinking
2672505526 130 is sleeping
2672505526 129 is eating
2672505526 133 is thinking
2672505526 132 is sleeping
2672505526 131 is eating
2672505527 135 is thinking
2672505527 134 is sleeping
2672505527 133 is eating
2672505528 137 is thinking
2672505528 136 is sleeping
2672505528 135 is eating
2672505529 139 is thinking
2672505529 138 is sleeping
2672505529 137 is eating
2672505530 141 is thinking
2672505530 140 is sleeping
2672505530 139 is eating
2672505530 143 is thinking
2672505530 142 is sleeping
2672505530 141 is eating
2672505531 145 is thinking
2672505531 144 is sleeping
2672505531 143 is eating
2672505532 147 is thinking
2672505532 146 is sleeping
2672505532 145 is eating
2672505533 149 is thinking
2672505533 148 is sleeping
2672505533 147 is eating
2672505534 151 is thinking
2672505534 150 is sleeping
2672505534 149 is eating
2672505534 153 is thinking
2672505534 152 is sleeping
2672505534 151 is eating
2672505535 155 is thinking
2672505535 154 is sleeping
2672505535 153 is eating
2672505536 157 is thinking
2672505537 156 is sleeping
2672505537 155 is eating
2672505537 159 is thinking
2672505537 158 is sleeping
2672505537 157 is eating
2672505538 161 is thinking
2672505538 160 is sleeping
2672505538 159 is eating
2672505539 163 is thinking
2672505539 162 is sleeping
2672505539 161 is eating
2672505540 165 is thinking
2672505540 164 is sleeping
2672505540 163 is eating
2672505540 167 is thinking
2672505541 166 is sleeping
2672505541 165 is eating
2672505541 169 is thinking
2672505541 168 is sleeping
2672505541 167 is eating
2672505542 171 is thinking
2672505542 170 is sleeping
2672505542 169 is eating
2672505543 173 is thinking
2672505543 172 is sleeping
2672505543 171 is eating
2672505544 174 is sleeping
2672505544 175 is thinking
2672505544 173 is eating
2672505544 177 is thinking
2672505544 176 is sleeping
2672505545 175 is eating
2672505545 179 is thinking
2672505545 178 is sleeping
2672505545 177 is eating
2672505546 181 is thinking
2672505546 180 is sleeping
2672505546 179 is eating
2672505548 183 is thinking
2672505548 182 is sleeping
2672505548 181 is eating
2672505549 185 is thinking
2672505549 184 is sleeping
2672505549 183 is eating
2672505550 187 is thinking
2672505550 186 is sleeping
2672505550 185 is eating
2672505551 189 is thinking
2672505551 188 is sleeping
2672505551 187 is eating
2672505552 191 is thinking
2672505552 190 is sleeping
2672505552 189 is eating
2672505553 193 is thinking
2672505553 192 is sleeping
2672505553 191 is eating
2672505554 195 is thinking
2672505554 194 is sleeping
2672505554 193 is eating
2672505554 197 is thinking
2672505554 196 is sleeping
2672505554 195 is eating
2672505555 199 is thinking
2672505555 198 is sleeping
2672505555 197 is eating
2672505556 202 is sleeping
2672505556 201 is thinking
2672505556 203 is thinking
2672505556 200 is sleeping
2672505556 199 is eating
2672505556 201 is eating
2672505559 205 is thinking
2672505559 204 is sleeping
2672505559 203 is eating
2672505559 207 is thinking
2672505560 206 is sleeping
2672505560 205 is eating
2672505560 209 is thinking
2672505560 208 is sleeping
2672505560 207 is eating
2672505561 211 is thinking
2672505561 210 is sleeping
2672505561 209 is eating
2672505562 213 is thinking
2672505562 212 is sleeping
2672505562 211 is eating
2672505563 215 is thinking
2672505563 214 is sleeping
2672505563 213 is eating
2672505564 217 is thinking
2672505564 216 is sleeping
2672505564 215 is eating
2672505564 219 is thinking
2672505564 218 is sleeping
2672505564 217 is eating
2672505565 221 is thinking
2672505565 220 is sleeping
2672505565 219 is eating
2672505566 223 is thinking
2672505566 222 is sleeping
2672505566 221 is eating
2672505567 225 is thinking
2672505567 224 is sleeping
2672505567 223 is eating
2672505568 227 is thinking
2672505568 226 is sleeping
2672505568 225 is eating
2672505568 229 is thinking
2672505569 228 is sleeping
2672505569 227 is eating
2672505569 231 is thinking
2672505569 230 is sleeping
2672505569 229 is eating
2672505570 233 is thinking
2672505570 232 is sleeping
2672505570 231 is eating
2672505571 235 is thinking
2672505571 234 is sleeping
2672505571 233 is eating
2672505572 237 is thinking
2672505572 236 is sleeping
2672505572 235 is eating
2672505572 239 is thinking
2672505573 238 is sleeping
2672505573 237 is eating
2672505573 241 is thinking
2672505573 240 is sleeping
2672505573 239 is eating
2672505574 243 is thinking
2672505574 242 is sleeping
2672505574 241 is eating
2672505575 245 is thinking
2672505575 244 is sleeping
2672505575 243 is eating
2672505576 247 is thinking
2672505576 246 is sleeping
2672505576 245 is eating
2672505576 249 is thinking
2672505576 248 is sleeping
2672505576 247 is eating
2672505577 251 is thinking
2672505577 250 is sleeping
2672505577 249 is eating
2672505578 253 is thinking
2672505578 252 is sleeping
2672505578 251 is eating
2672505579 255 is thinking
2672505579 254 is sleeping
2672505579 253 is eating
2672505580 257 is thinking
2672505580 256 is sleeping
2672505580 255 is eating
2672505580 259 is thinking
2672505580 258 is sleeping
2672505580 257 is eating
2672505581 261 is thinking
2672505581 260 is sleeping
2672505581 259 is eating
2672505581 263 is thinking
2672505581 262 is sleeping
2672505581 261 is eating
2672505582 265 is thinking
2672505582 264 is sleeping
2672505582 263 is eating
2672505583 267 is thinking
2672505583 265 is eating
2672505583 266 is sleeping
2672505583 269 is thinking
2672505583 268 is sleeping
2672505583 267 is eating
2672505584 271 is thinking
2672505584 270 is sleeping
2672505584 269 is eating
2672505585 273 is thinking
2672505585 272 is sleeping
2672505585 271 is eating
2672505585 275 is thinking
2672505585 274 is sleeping
2672505586 273 is eating
2672505586 277 is thinking
2672505586 276 is sleeping
2672505586 275 is eating
2672505587 279 is thinking
2672505587 278 is sleeping
2672505587 277 is eating
2672505587 281 is thinking
2672505587 280 is sleeping
2672505588 279 is eating
2672505588 283 is thinking
2672505588 282 is sleeping
2672505588 281 is eating
2672505589 285 is thinking
2672505589 284 is sleeping
2672505589 283 is eating
2672505589 287 is thinking
2672505589 286 is sleeping
2672505589 285 is eating
2672505590 289 is thinking
2672505590 288 is sleeping
2672505590 287 is eating
2672505591 291 is thinking
2672505591 290 is sleeping
2672505591 289 is eating
2672505591 293 is thinking
2672505591 292 is sleeping
2672505591 291 is eating
2672505592 295 is thinking
2672505592 294 is sleeping
2672505592 293 is eating
2672505592 297 is thinking
2672505592 296 is sleeping
2672505592 295 is eating
2672505593 299 is thinking
2672505593 298 is sleeping
2672505593 297 is eating
2672505594 301 is thinking
2672505594 300 is sleeping
2672505594 299 is eating
2672505595 303 is thinking
2672505595 302 is sleeping
2672505595 301 is eating
2672505595 305 is thinking
2672505595 304 is sleeping
2672505595 303 is eating
2672505596 307 is thinking
2672505596 306 is sleeping
2672505596 305 is eating
2672505596 309 is thinking
2672505596 308 is sleeping
2672505596 307 is eating
2672505597 311 is thinking
2672505597 310 is sleeping
2672505597 309 is eating
2672505597 313 is thinking
2672505598 312 is sleeping
2672505598 311 is eating
2672505598 315 is thinking
2672505598 314 is sleeping
2672505598 313 is eating
2672505599 317 is thinking
2672505599 316 is sleeping
2672505599 315 is eating
2672505599 319 is thinking
2672505599 318 is sleeping
2672505599 317 is eating
2672505600 321 is thinking
2672505600 320 is sleeping
2672505600 319 is eating
2672505601 323 is thinking
2672505601 322 is sleeping
2672505601 321 is eating
2672505601 325 is thinking
2672505601 324 is sleeping
2672505601 323 is eating
2672505602 327 is thinking
2672505602 326 is sleeping
2672505602 325 is eating
2672505602 328 is sleeping
2672505602 329 is thinking
2672505602 327 is eating
2672505603 331 is thinking
2672505603 330 is sleeping
2672505603 329 is eating
2672505604 333 is thinking
2672505604 332 is sleeping
2672505604 331 is eating
2672505604 335 is thinking
2672505604 334 is sleeping
2672505604 333 is eating
2672505605 337 is thinking
2672505605 336 is sleeping
2672505605 335 is eating
2672505605 339 is thinking
2672505605 338 is sleeping
2672505606 337 is eating
2672505606 341 is thinking
2672505606 340 is sleeping
2672505606 339 is eating
2672505607 343 is thinking
2672505607 342 is sleeping
2672505607 341 is eating
2672505607 345 is thinking
2672505607 344 is sleeping
2672505607 343 is eating
2672505608 347 is thinking
2672505608 346 is sleeping
2672505608 345 is eating
2672505608 349 is thinking
2672505608 348 is sleeping
2672505609 347 is eating
2672505609 351 is thinking
2672505609 350 is sleeping
2672505609 349 is eating
2672505610 352 is sleeping
2672505610 353 is thinking
2672505610 351 is eating
2672505610 355 is thinking
2672505610 354 is sleeping
2672505610 353 is eating
2672505611 357 is thinking
2672505611 356 is sleeping
2672505611 355 is eating
2672505611 359 is thinking
2672505611 358 is sleeping
2672505611 357 is eating
2672505612 361 is thinking
2672505612 360 is sleeping
2672505612 359 is eating
2672505613 363 is thinking
2672505613 362 is sleeping
2672505613 361 is eating
2672505613 365 is thinking
2672505613 364 is sleeping
2672505613 363 is eating
2672505614 366 is sleeping
2672505614 365 is eating
2672505614 367 is thinking
2672505614 369 is thinking
2672505614 368 is sleeping
2672505615 367 is eating
2672505615 371 is thinking
2672505615 370 is sleeping
2672505615 369 is eating
2672505616 373 is thinking
2672505616 372 is sleeping
2672505616 371 is eating
2672505616 375 is thinking
2672505616 374 is sleeping
2672505616 373 is eating
2672505618 377 is thinking
2672505618 379 is thinking
2672505618 378 is sleeping
2672505618 379 is eating
2672505618 377 is eating
2672505618 376 is sleeping
2672505618 375 is eating
2672505618 381 is thinking
2672505618 380 is sleeping
2672505619 383 is thinking
2672505619 382 is sleeping
2672505619 381 is eating
2672505619 385 is thinking
2672505619 384 is sleeping
2672505619 383 is eating
2672505620 387 is thinking
2672505620 386 is sleeping
2672505620 385 is eating
2672505620 389 is thinking
2672505620 388 is sleeping
2672505620 387 is eating
2672505621 391 is thinking
2672505621 390 is sleeping
2672505621 389 is eating
2672505622 393 is thinking
2672505622 392 is sleeping
2672505622 391 is eating
2672505622 395 is thinking
2672505622 394 is sleeping
2672505622 393 is eating
2672505623 397 is thinking
2672505623 396 is sleeping
2672505623 395 is eating
2672505623 399 is thinking
2672505623 398 is sleeping
2672505623 397 is eating
2672505624 401 is thinking
2672505624 400 is sleeping
2672505624 399 is eating
2672505625 403 is thinking
2672505625 402 is sleeping
2672505625 401 is eating
2672505625 405 is thinking
2672505625 404 is sleeping
2672505625 403 is eating
2672505626 407 is thinking
2672505626 406 is sleeping
2672505626 405 is eating
2672505626 409 is thinking
2672505626 408 is sleeping
2672505626 407 is eating
2672505627 411 is thinking
2672505627 410 is sleeping
2672505627 409 is eating
2672505627 413 is thinking
2672505627 412 is sleeping
2672505627 411 is eating
2672505628 415 is thinking
2672505628 414 is sleeping
2672505628 413 is eating
2672505629 416 is sleeping
2672505629 415 is eating
2672505629 417 is thinking
2672505629 419 is thinking
2672505629 418 is sleeping
2672505629 417 is eating
2672505630 420 is sleeping
2672505630 419 is eating
2672505630 421 is thinking
2672505630 422 is sleeping
2672505630 421 is eating
2672505630 423 is thinking
2672505631 425 is thinking
2672505631 424 is sleeping
2672505631 423 is eating
2672505632 427 is thinking
2672505632 426 is sleeping
2672505632 425 is eating
2672505632 429 is thinking
2672505632 428 is sleeping
2672505632 427 is eating
2672505633 431 is thinking
2672505633 430 is sleeping
2672505633 429 is eating
2672505634 433 is thinking
2672505634 432 is sleeping
2672505634 431 is eating
2672505634 435 is thinking
2672505634 434 is sleeping
2672505634 433 is eating
2672505635 437 is thinking
2672505635 436 is sleeping
2672505635 435 is eating
2672505635 439 is thinking
2672505635 438 is sleeping
2672505635 437 is eating
2672505636 441 is thinking
2672505636 440 is sleeping
2672505636 439 is eating
2672505637 443 is thinking
2672505637 442 is sleeping
2672505637 441 is eating
2672505637 445 is thinking
2672505638 444 is sleeping
2672505638 443 is eating
2672505638 447 is thinking
2672505638 446 is sleeping
2672505638 445 is eating
2672505639 449 is thinking
2672505639 448 is sleeping
2672505639 447 is eating
2672505640 451 is thinking
2672505640 450 is sleeping
2672505640 449 is eating
2672505640 453 is thinking
2672505640 452 is sleeping
2672505640 451 is eating
2672505641 455 is thinking
2672505641 454 is sleeping
2672505641 453 is eating
2672505642 457 is thinking
2672505642 456 is sleeping
2672505642 455 is eating
2672505642 459 is thinking
2672505643 458 is sleeping
2672505643 457 is eating
2672505643 461 is thinking
2672505643 460 is sleeping
2672505643 459 is eating
2672505644 463 is thinking
2672505644 462 is sleeping
2672505644 461 is eating
2672505644 465 is thinking
2672505644 464 is sleeping
2672505644 463 is eating
2672505645 467 is thinking
2672505645 466 is sleeping
2672505645 465 is eating
2672505646 469 is thinking
2672505646 468 is sleeping
2672505646 467 is eating
2672505646 471 is thinking
2672505646 470 is sleeping
2672505646 469 is eating
2672505647 472 is sleeping
2672505647 471 is eating
2672505647 473 is thinking
2672505647 475 is thinking
2672505647 474 is sleeping
2672505648 473 is eating
2672505648 477 is thinking
2672505648 476 is sleeping
2672505648 475 is eating
2672505649 479 is thinking
2672505649 478 is sleeping
2672505649 477 is eating
2672505649 481 is thinking
2672505649 480 is sleeping
2672505649 479 is eating
2672505650 483 is thinking
2672505650 482 is sleeping
2672505650 481 is eating
2672505650 485 is thinking
2672505650 484 is sleeping
2672505650 483 is eating
2672505651 487 is thinking
2672505651 486 is sleeping
2672505651 485 is eating
2672505652 489 is thinking
2672505652 488 is sleeping
2672505652 487 is eating
2672505652 491 is thinking
2672505652 490 is sleeping
2672505652 489 is eating
2672505653 495 is thinking
2672505653 494 is sleeping
2672505653 493 is thinking
2672505653 492 is sleeping
2672505653 491 is eating
2672505653 493 is eating
2672505657 1 is thinking
2672505657 497 is thinking
2672505657 499 is thinking
2672505657 500 is sleeping
2672505657 2 is sleeping
2672505657 496 is sleeping
2672505657 495 is eating
2672505657 1 is eating
2672505657 3 is eating
2672505657 497 is eating
2672505657 498 is sleeping
2672505657 499 is eating
2672505675 4 is thinking
2672505676 6 is thinking
2672505676 8 is thinking
2672505676 6 is eating
2672505677 10 is thinking
2672505677 8 is eating
2672505678 12 is thinking
2672505678 10 is eating
2672505679 14 is thinking
2672505679 12 is eating
2672505680 16 is thinking
2672505680 18 is thinking
2672505680 14 is eating
2672505680 16 is eating
2672505684 26 is thinking
2672505684 24 is thinking
2672505684 22 is thinking
2672505684 21 is sleeping
2672505684 20 is thinking
2672505684 22 is eating
2672505684 24 is eating
2672505684 20 is eating
2672505684 18 is eating
2672505685 28 is thinking
2672505685 26 is eating
2672505686 30 is thinking
2672505686 28 is eating
2672505687 32 is thinking
2672505687 30 is eating
2672505687 34 is thinking
2672505687 32 is eating
2672505688 36 is thinking
2672505688 34 is eating
2672505689 38 is thinking
2672505689 36 is eating
2672505690 40 is thinking
2672505690 38 is eating
2672505691 42 is thinking
2672505691 40 is eating
2672505691 44 is thinking
2672505691 42 is eating
2672505692 46 is thinking
2672505692 44 is eating
2672505693 48 is thinking
2672505693 46 is eating
2672505694 50 is thinking
2672505694 48 is eating
2672505694 52 is thinking
2672505694 50 is eating
2672505695 54 is thinking
2672505695 52 is eating
2672505696 56 is thinking
2672505696 54 is eating
2672505697 58 is thinking
2672505697 56 is eating
2672505698 60 is thinking
2672505698 58 is eating
2672505699 62 is thinking
2672505699 60 is eating
2672505699 64 is thinking
2672505699 62 is eating
2672505700 66 is thinking
2672505700 64 is eating
2672505701 68 is thinking
2672505701 66 is eating
2672505702 70 is thinking
2672505702 68 is eating
2672505703 72 is thinking
2672505703 70 is eating
2672505704 74 is thinking
2672505704 72 is eating
2672505704 76 is thinking
2672505704 74 is eating
2672505705 78 is thinking
2672505705 76 is eating
2672505706 80 is thinking
2672505706 78 is eating
2672505706 82 is thinking
2672505707 80 is eating
2672505707 84 is thinking
2672505707 82 is eating
2672505708 86 is thinking
2672505708 84 is eating
2672505710 90 is thinking
2672505710 88 is thinking
2672505710 86 is eating
2672505710 88 is eating
2672505713 96 is thinking
2672505713 92 is thinking
2672505713 94 is thinking
2672505713 90 is eating
2672505713 94 is eating
2672505713 92 is eating
2672505713 98 is thinking
2672505713 96 is eating
2672505714 100 is thinking
2672505714 98 is eating
2672505715 102 is thinking
2672505715 100 is eating
2672505715 104 is thinking
2672505716 102 is eating
2672505716 106 is thinking
2672505716 104 is eating
2672505717 108 is thinking
2672505717 106 is eating
2672505718 110 is thinking
2672505718 108 is eating
2672505719 112 is thinking
2672505719 110 is eating
2672505720 114 is thinking
2672505720 112 is eating
2672505720 116 is thinking
2672505720 114 is eating
2672505721 118 is thinking
2672505721 116 is eating
2672505722 120 is thinking
2672505722 118 is eating
2672505723 122 is thinking
2672505723 120 is eating
2672505723 124 is thinking
2672505724 122 is eating
2672505724 126 is thinking
2672505724 124 is eating
2672505725 128 is thinking
2672505725 126 is eating
2672505726 130 is thinking
2672505726 128 is eating
2672505727 132 is thinking
2672505727 130 is eating
2672505727 134 is thinking
2672505727 132 is eating
2672505728 136 is thinking
2672505728 134 is eating
2672505729 138 is thinking
2672505729 136 is eating
2672505730 140 is thinking
2672505730 138 is eating
2672505731 142 is thinking
2672505731 140 is eating
2672505731 144 is thinking
2672505732 142 is eating
2672505732 146 is thinking
2672505732 144 is eating
2672505733 148 is thinking
2672505733 146 is eating
2672505734 150 is thinking
2672505734 148 is eating
2672505735 152 is thinking
2672505735 150 is eating
2672505735 154 is thinking
2672505736 152 is eating
2672505737 156 is thinking
2672505737 154 is eating
2672505738 158 is thinking
2672505738 156 is eating
2672505738 160 is thinking
2672505738 158 is eating
2672505739 162 is thinking
2672505739 160 is eating
2672505740 164 is thinking
2672505740 162 is eating
2672505741 166 is thinking
2672505741 164 is eating
2672505741 168 is thinking
2672505742 166 is eating
2672505742 170 is thinking
2672505742 168 is eating
2672505743 172 is thinking
2672505743 170 is eating
2672505744 174 is thinking
2672505744 172 is eating
2672505745 176 is thinking
2672505745 174 is eating
2672505745 178 is thinking
2672505745 176 is eating
2672505746 180 is thinking
2672505746 178 is eating
2672505748 182 is thinking
2672505748 180 is eating
2672505749 184 is thinking
2672505749 182 is eating
2672505750 186 is thinking
2672505750 184 is eating
2672505751 188 is thinking
2672505751 186 is eating
2672505752 190 is thinking
2672505752 188 is eating
2672505753 192 is thinking
2672505753 190 is eating
2672505754 194 is thinking
2672505754 192 is eating
2672505755 196 is thinking
2672505755 194 is eating
2672505755 198 is thinking
2672505756 196 is eating
2672505756 202 is thinking
2672505756 200 is thinking
2672505756 198 is eating
2672505756 200 is eating
2672505759 204 is thinking
2672505759 202 is eating
2672505760 206 is thinking
2672505760 205 is sleeping
2672505760 204 is eating
2672505760 208 is thinking
2672505761 206 is eating
2672505761 210 is thinking
2672505761 208 is eating
2672505762 212 is thinking
2672505762 210 is eating
2672505763 214 is thinking
2672505763 212 is eating
2672505764 216 is thinking
2672505764 214 is eating
2672505765 218 is thinking
2672505765 216 is eating
2672505765 220 is thinking
2672505765 218 is eating
2672505766 222 is thinking
2672505766 220 is eating
2672505767 224 is thinking
2672505767 222 is eating
2672505768 226 is thinking
2672505768 224 is eating
2672505769 228 is thinking
2672505769 226 is eating
2672505770 230 is thinking
2672505770 228 is eating
2672505770 232 is thinking
2672505770 230 is eating
2672505771 234 is thinking
2672505771 232 is eating
2672505772 236 is thinking
2672505772 234 is eating
2672505773 238 is thinking
2672505773 236 is eating
2672505773 240 is thinking
2672505774 238 is eating
2672505774 242 is thinking
2672505774 240 is eating
2672505775 244 is thinking
2672505775 242 is eating
2672505776 246 is thinking
2672505776 244 is eating
2672505777 248 is thinking
2672505777 246 is eating
2672505777 250 is thinking
2672505777 248 is eating
2672505778 252 is thinking
2672505778 250 is eating
2672505779 254 is thinking
2672505779 252 is eating
2672505780 256 is thinking
2672505780 254 is eating
2672505780 258 is thinking
2672505780 256 is eating
2672505781 258 is eating
2672505781 260 is thinking
2672505782 262 is thinking
2672505782 260 is eating
2672505782 264 is thinking
2672505782 262 is eating
2672505783 266 is thinking
2672505783 264 is eating
2672505783 268 is thinking
2672505784 266 is eating
2672505784 270 is thinking
2672505784 268 is eating
2672505785 272 is thinking
2672505785 270 is eating
2672505786 274 is thinking
2672505786 272 is eating
2672505786 276 is thinking
2672505786 274 is eating
2672505787 278 is thinking
2672505787 276 is eating
2672505788 280 is thinking
2672505788 278 is eating
2672505788 282 is thinking
2672505788 280 is eating
2672505789 284 is thinking
2672505789 282 is eating
2672505789 286 is thinking
2672505790 284 is eating
2672505790 288 is thinking
2672505790 286 is eating
2672505791 290 is thinking
2672505791 288 is eating
2672505791 292 is thinking
2672505791 290 is eating
2672505792 294 is thinking
2672505792 292 is eating
2672505792 296 is thinking
2672505793 294 is eating
2672505793 298 is thinking
2672505793 296 is eating
2672505794 300 is thinking
2672505794 298 is eating
2672505795 302 is thinking
2672505795 300 is eating
2672505795 304 is thinking
2672505795 302 is eating
2672505796 306 is thinking
2672505796 304 is eating
2672505796 308 is thinking
2672505797 306 is eating
2672505797 310 is thinking
2672505797 308 is eating
2672505798 312 is thinking
2672505798 310 is eating
2672505798 314 is thinking
2672505799 312 is eating
2672505799 316 is thinking
2672505799 314 is eating
2672505800 318 is thinking
2672505800 316 is eating
2672505800 320 is thinking
2672505800 318 is eating
2672505801 322 is thinking
2672505801 320 is eating
2672505801 324 is thinking
2672505802 322 is eating
2672505802 326 is thinking
2672505802 324 is eating
2672505803 328 is thinking
2672505803 326 is eating
2672505803 330 is thinking
2672505803 328 is eating
2672505804 332 is thinking
2672505804 330 is eating
2672505804 334 is thinking
2672505805 334 is eating
2672505806 336 is thinking
2672505806 338 is thinking
2672505806 336 is eating
2672505806 332 is eating
2672505806 340 is thinking
2672505806 338 is eating
2672505807 342 is thinking
2672505807 340 is eating
2672505807 344 is thinking
2672505808 342 is eating
2672505808 346 is thinking
2672505808 344 is eating
2672505809 348 is thinking
2672505809 346 is eating
2672505809 350 is thinking
2672505809 348 is eating
2672505810 352 is thinking
2672505810 350 is eating
2672505810 354 is thinking
2672505810 352 is eating
2672505811 356 is thinking
2672505811 354 is eating
2672505811 358 is thinking
2672505812 356 is eating
2672505812 360 is thinking
2672505812 358 is eating
2672505813 360 is eating
2672505813 362 is thinking
2672505813 364 is thinking
2672505813 362 is eating
2672505814 366 is thinking
2672505814 364 is eating
2672505815 368 is thinking
2672505815 366 is eating
2672505815 370 is thinking
2672505815 368 is eating
2672505816 372 is thinking
2672505816 370 is eating
2672505816 374 is thinking
2672505816 372 is eating
2672505818 378 is thinking
2672505818 376 is thinking
2672505818 376 is eating
2672505818 380 is thinking
2672505818 378 is eating
2672505818 374 is eating
2672505819 382 is thinking
2672505819 380 is eating
2672505819 384 is thinking
2672505819 382 is eating
2672505820 386 is thinking
2672505820 384 is eating
2672505820 388 is thinking
2672505820 386 is eating
2672505821 390 is thinking
2672505821 388 is eating
2672505822 392 is thinking
2672505822 390 is eating
2672505822 394 is thinking
2672505822 392 is eating
2672505823 396 is thinking
2672505823 394 is eating
2672505823 398 is thinking
2672505823 396 is eating
2672505824 400 is thinking
2672505824 398 is eating
2672505825 402 is thinking
2672505825 400 is eating
2672505825 404 is thinking
2672505825 402 is eating
2672505826 406 is thinking
2672505826 404 is eating
2672505826 408 is thinking
2672505826 406 is eating
2672505827 410 is thinking
2672505827 408 is eating
2672505828 412 is thinking
2672505828 410 is eating
2672505828 414 is thinking
2672505828 412 is eating
2672505829 416 is thinking
2672505829 414 is eating
2672505829 418 is thinking
2672505829 416 is eating
2672505830 420 is thinking
2672505830 418 is eating
2672505830 422 is thinking
2672505831 420 is eating
2672505831 424 is thinking
2672505831 422 is eating
2672505832 426 is thinking
2672505832 424 is eating
2672505832 428 is thinking
2672505833 426 is eating
2672505833 430 is thinking
2672505833 428 is eating
2672505834 432 is thinking
2672505834 430 is eating
2672505834 434 is thinking
2672505834 432 is eating
2672505835 436 is thinking
2672505835 434 is eating
2672505836 438 is thinking
2672505836 436 is eating
2672505836 440 is thinking
2672505836 438 is eating
2672505837 442 is thinking
2672505837 440 is eating
2672505838 444 is thinking
2672505838 442 is eating
2672505838 446 is thinking
2672505838 444 is eating
2672505839 448 is thinking
2672505839 446 is eating
2672505840 450 is thinking
2672505840 448 is eating
2672505840 452 is thinking
2672505841 450 is eating
2672505841 454 is thinking
2672505841 452 is eating
2672505842 456 is thinking
2672505842 454 is eating
2672505843 458 is thinking
2672505843 456 is eating
2672505843 458 is eating
2672505843 460 is thinking
2672505844 462 is thinking
2672505844 460 is eating
2672505844 464 is thinking
2672505844 462 is eating
2672505845 466 is thinking
2672505845 464 is eating
2672505846 468 is thinking
2672505846 466 is eating
2672505846 470 is thinking
2672505846 468 is eating
2672505847 472 is thinking
2672505847 470 is eating
2672505848 474 is thinking
2672505848 472 is eating
2672505848 476 is thinking
2672505848 474 is eating
2672505849 478 is thinking
2672505849 476 is eating
2672505850 480 is thinking
2672505850 478 is eating
2672505850 482 is thinking
2672505850 480 is eating
2672505851 484 is thinking
2672505851 482 is eating
2672505851 486 is thinking
2672505851 484 is eating
2672505852 488 is thinking
2672505852 486 is eating
2672505852 490 is thinking
2672505853 488 is eating
2672505853 492 is thinking
2672505853 494 is thinking
2672505853 490 is eating
2672505853 492 is eating
2672505857 2 is thinking
2672505857 496 is thinking
2672505857 498 is thinking
2672505857 497 is sleeping
2672505857 496 is eating
2672505857 494 is eating
2672505857 500 is thinking
2672505857 500 is eating
2672505857 498 is eating
2672505857 2 is eating
2672505857 4 is eating
2672505884 21 is thinking
2672505884 21 is eating
2672505960 205 is thinking
2672505961 205 is eating
2672506057 497 is thinking
2672506057 497 is eating
